
===========================================================================
report_checks -unconstrained
===========================================================================
======================= min_tt_025C_1v80 Corner ===================================

Startpoint: _1201_ (rising edge-triggered flip-flop clocked by wr_clk)
Endpoint: _1227_ (recovery check against rising-edge clock wr_clk)
Path Group: asynchronous
Path Type: max

Fanout         Cap        Slew       Delay        Time   Description
---------------------------------------------------------------------------------------------
                                  0.000000    0.000000   clock wr_clk (rise edge)
                                  0.000000    0.000000   clock source latency
     1    0.024374    0.000000    0.000000    0.000000 ^ wr_clk (in)
                                                         wr_clk (net)
                      0.001077    0.000538    0.000538 ^ clkbuf_0_wr_clk/A (sky130_fd_sc_hd__clkbuf_16)
    16    0.103304    0.118752    0.172854    0.173392 ^ clkbuf_0_wr_clk/X (sky130_fd_sc_hd__clkbuf_16)
                                                         clknet_0_wr_clk (net)
                      0.118777    0.001434    0.174826 ^ clkbuf_4_10_0_wr_clk/A (sky130_fd_sc_hd__clkbuf_8)
     2    0.019042    0.049921    0.157851    0.332677 ^ clkbuf_4_10_0_wr_clk/X (sky130_fd_sc_hd__clkbuf_8)
                                                         clknet_4_10_0_wr_clk (net)
                      0.049921    0.000226    0.332903 ^ clkbuf_5_21__f_wr_clk/A (sky130_fd_sc_hd__clkbuf_16)
     6    0.019165    0.041133    0.126353    0.459256 ^ clkbuf_5_21__f_wr_clk/X (sky130_fd_sc_hd__clkbuf_16)
                                                         clknet_5_21__leaf_wr_clk (net)
                      0.041134    0.000499    0.459755 ^ _1201_/CLK (sky130_fd_sc_hd__dfrtp_2)
     1    0.003323    0.040313    0.332041    0.791796 ^ _1201_/Q (sky130_fd_sc_hd__dfrtp_2)
                                                         u_wr_reset_sync.sync_ff2 (net)
                      0.040313    0.000041    0.791836 ^ fanout80/A (sky130_fd_sc_hd__clkdlybuf4s25_1)
     7    0.039623    0.398346    0.493948    1.285784 ^ fanout80/X (sky130_fd_sc_hd__clkdlybuf4s25_1)
                                                         net80 (net)
                      0.398346    0.000185    1.285969 ^ fanout79/A (sky130_fd_sc_hd__clkdlybuf4s25_1)
     5    0.023416    0.240421    0.466582    1.752552 ^ fanout79/X (sky130_fd_sc_hd__clkdlybuf4s25_1)
                                                         net79 (net)
                      0.240421    0.000403    1.752955 ^ fanout77/A (sky130_fd_sc_hd__clkdlybuf4s25_1)
     8    0.036638    0.369443    0.530404    2.283359 ^ fanout77/X (sky130_fd_sc_hd__clkdlybuf4s25_1)
                                                         net77 (net)
                      0.369443    0.001341    2.284700 ^ _1227_/RESET_B (sky130_fd_sc_hd__dfrtp_2)
                                              2.284700   data arrival time

                                 10.000000   10.000000   clock wr_clk (rise edge)
                                  0.000000   10.000000   clock source latency
     1    0.024374    0.000000    0.000000   10.000000 ^ wr_clk (in)
                                                         wr_clk (net)
                      0.001077    0.000538   10.000539 ^ clkbuf_0_wr_clk/A (sky130_fd_sc_hd__clkbuf_16)
    16    0.103304    0.118752    0.172854   10.173392 ^ clkbuf_0_wr_clk/X (sky130_fd_sc_hd__clkbuf_16)
                                                         clknet_0_wr_clk (net)
                      0.118756    0.000575   10.173966 ^ clkbuf_4_15_0_wr_clk/A (sky130_fd_sc_hd__clkbuf_8)
     2    0.018836    0.049627    0.157467   10.331434 ^ clkbuf_4_15_0_wr_clk/X (sky130_fd_sc_hd__clkbuf_8)
                                                         clknet_4_15_0_wr_clk (net)
                      0.049627    0.000290   10.331723 ^ clkbuf_5_30__f_wr_clk/A (sky130_fd_sc_hd__clkbuf_16)
     5    0.012769    0.035690    0.120203   10.451926 ^ clkbuf_5_30__f_wr_clk/X (sky130_fd_sc_hd__clkbuf_16)
                                                         clknet_5_30__leaf_wr_clk (net)
                      0.035690    0.000096   10.452022 ^ _1227_/CLK (sky130_fd_sc_hd__dfrtp_2)
                                 -0.200000   10.252022   clock uncertainty
                                  0.000000   10.252022   clock reconvergence pessimism
                                  0.119360   10.371382   library recovery time
                                             10.371382   data required time
---------------------------------------------------------------------------------------------
                                             10.371382   data required time
                                             -2.284700   data arrival time
---------------------------------------------------------------------------------------------
                                              8.086681   slack (MET)


Startpoint: _1239_ (rising edge-triggered flip-flop clocked by rd_clk)
Endpoint: rd_data[2] (output port clocked by rd_clk)
Path Group: rd_clk
Path Type: max

Fanout         Cap        Slew       Delay        Time   Description
---------------------------------------------------------------------------------------------
                                  0.000000    0.000000   clock rd_clk (rise edge)
                                  0.000000    0.000000   clock source latency
     1    0.013587    0.000000    0.000000    0.000000 ^ rd_clk (in)
                                                         rd_clk (net)
                      0.000583    0.000292    0.000292 ^ clkbuf_0_rd_clk/A (sky130_fd_sc_hd__clkbuf_16)
     4    0.037982    0.057948    0.124843    0.125135 ^ clkbuf_0_rd_clk/X (sky130_fd_sc_hd__clkbuf_16)
                                                         clknet_0_rd_clk (net)
                      0.057955    0.000590    0.125724 ^ clkbuf_2_2__f_rd_clk/A (sky130_fd_sc_hd__clkbuf_16)
     8    0.029186    0.050360    0.138604    0.264329 ^ clkbuf_2_2__f_rd_clk/X (sky130_fd_sc_hd__clkbuf_16)
                                                         clknet_2_2__leaf_rd_clk (net)
                      0.050361    0.000299    0.264628 ^ _1239_/CLK (sky130_fd_sc_hd__dfrtp_2)
     3    0.022299    0.120859    0.409739    0.674366 ^ _1239_/Q (sky130_fd_sc_hd__dfrtp_2)
                                                         rd_ptr_bin[0] (net)
                      0.120868    0.001201    0.675568 ^ fanout56/A (sky130_fd_sc_hd__clkdlybuf4s25_1)
     4    0.025102    0.257206    0.422765    1.098333 ^ fanout56/X (sky130_fd_sc_hd__clkdlybuf4s25_1)
                                                         net56 (net)
                      0.257206    0.000540    1.098873 ^ fanout54/A (sky130_fd_sc_hd__clkdlybuf4s25_1)
     5    0.032866    0.332564    0.508950    1.607823 ^ fanout54/X (sky130_fd_sc_hd__clkdlybuf4s25_1)
                                                         net54 (net)
                      0.332564    0.000381    1.608204 ^ load_slew55/A (sky130_fd_sc_hd__buf_4)
     4    0.033921    0.104282    0.234476    1.842680 ^ load_slew55/X (sky130_fd_sc_hd__buf_4)
                                                         net55 (net)
                      0.104298    0.001314    1.843995 ^ _0740_/S0 (sky130_fd_sc_hd__mux4_2)
     1    0.003209    0.080680    0.499200    2.343195 v _0740_/X (sky130_fd_sc_hd__mux4_2)
                                                         _0328_ (net)
                      0.080680    0.000046    2.343241 v _0741_/A1 (sky130_fd_sc_hd__mux2_2)
     1    0.007755    0.061539    0.293577    2.636818 v _0741_/X (sky130_fd_sc_hd__mux2_2)
                                                         _0329_ (net)
                      0.061577    0.000304    2.637122 v _0742_/A1 (sky130_fd_sc_hd__mux2_2)
     1    0.004433    0.053758    0.272559    2.909682 v _0742_/X (sky130_fd_sc_hd__mux2_2)
                                                         _0330_ (net)
                      0.053758    0.000071    2.909752 v _0743_/A (sky130_fd_sc_hd__buf_1)
     1    0.002276    0.023880    0.088445    2.998197 v _0743_/X (sky130_fd_sc_hd__buf_1)
                                                         net27 (net)
                      0.023880    0.000010    2.998207 v output27/A (sky130_fd_sc_hd__clkdlybuf4s25_1)
     1    0.016032    0.127515    0.308661    3.306868 v output27/X (sky130_fd_sc_hd__clkdlybuf4s25_1)
                                                         rd_data[2] (net)
                      0.127515    0.000112    3.306980 v rd_data[2] (out)
                                              3.306980   data arrival time

                                 25.000000   25.000000   clock rd_clk (rise edge)
                                  0.000000   25.000000   clock network delay (propagated)
                                 -0.200000   24.799999   clock uncertainty
                                  0.000000   24.799999   clock reconvergence pessimism
                                 -1.500000   23.299999   output external delay
                                             23.299999   data required time
---------------------------------------------------------------------------------------------
                                             23.299999   data required time
                                             -3.306980   data arrival time
---------------------------------------------------------------------------------------------
                                             19.993019   slack (MET)


Startpoint: wr_en (input port clocked by wr_clk)
Endpoint: _1195_ (rising edge-triggered flip-flop clocked by wr_clk)
Path Group: wr_clk
Path Type: max

Fanout         Cap        Slew       Delay        Time   Description
---------------------------------------------------------------------------------------------
                                  0.000000    0.000000   clock wr_clk (rise edge)
                                  0.000000    0.000000   clock network delay (propagated)
                                  1.500000    1.500000 ^ input external delay
     1    0.004124    0.026722    0.012059    1.512059 ^ wr_en (in)
                                                         wr_en (net)
                      0.026722    0.000000    1.512059 ^ input19/A (sky130_fd_sc_hd__clkdlybuf4s25_1)
     7    0.030460    0.309436    0.426463    1.938521 ^ input19/X (sky130_fd_sc_hd__clkdlybuf4s25_1)
                                                         net19 (net)
                      0.309437    0.001232    1.939754 ^ _0540_/A2 (sky130_fd_sc_hd__a31oi_2)
     4    0.023344    0.177683    0.231254    2.171008 v _0540_/Y (sky130_fd_sc_hd__a31oi_2)
                                                         _0148_ (net)
                      0.177683    0.000212    2.171219 v max_cap46/A (sky130_fd_sc_hd__clkbuf_2)
     4    0.017345    0.073357    0.198163    2.369383 v max_cap46/X (sky130_fd_sc_hd__clkbuf_2)
                                                         net46 (net)
                      0.073357    0.000374    2.369756 v _0588_/C1 (sky130_fd_sc_hd__a311oi_1)
     2    0.009718    0.414749    0.357513    2.727269 ^ _0588_/Y (sky130_fd_sc_hd__a311oi_1)
                                                         _0182_ (net)
                      0.414749    0.000155    2.727424 ^ wire43/A (sky130_fd_sc_hd__clkdlybuf4s25_1)
     1    0.009753    0.108660    0.375506    3.102930 ^ wire43/X (sky130_fd_sc_hd__clkdlybuf4s25_1)
                                                         net43 (net)
                      0.108660    0.000065    3.102995 ^ _0599_/A2 (sky130_fd_sc_hd__a22oi_4)
     2    0.011702    0.107987    0.094899    3.197894 v _0599_/Y (sky130_fd_sc_hd__a22oi_4)
                                                         _0193_ (net)
                      0.107988    0.000188    3.198082 v _0600_/B2 (sky130_fd_sc_hd__o22ai_2)
     3    0.014426    0.221556    0.189524    3.387607 ^ _0600_/Y (sky130_fd_sc_hd__o22ai_2)
                                                         _0194_ (net)
                      0.221556    0.000246    3.387852 ^ _0605_/A (sky130_fd_sc_hd__nand2_2)
     2    0.009449    0.076751    0.095997    3.483850 v _0605_/Y (sky130_fd_sc_hd__nand2_2)
                                                         _0199_ (net)
                      0.076751    0.000099    3.483949 v _0613_/A (sky130_fd_sc_hd__nand2_2)
     1    0.005745    0.052500    0.071340    3.555289 ^ _0613_/Y (sky130_fd_sc_hd__nand2_2)
                                                         _0207_ (net)
                      0.052500    0.000061    3.555349 ^ _0631_/A1_N (sky130_fd_sc_hd__o2bb2ai_2)
     1    0.010881    0.167110    0.129598    3.684947 ^ _0631_/Y (sky130_fd_sc_hd__o2bb2ai_2)
                                                         _0225_ (net)
                      0.167110    0.000200    3.685147 ^ _0640_/A (sky130_fd_sc_hd__nand3_4)
     1    0.002632    0.055040    0.067787    3.752934 v _0640_/Y (sky130_fd_sc_hd__nand3_4)
                                                         _0001_ (net)
                      0.055040    0.000028    3.752962 v _1195_/D (sky130_fd_sc_hd__dfrtp_2)
                                              3.752962   data arrival time

                                 10.000000   10.000000   clock wr_clk (rise edge)
                                  0.000000   10.000000   clock source latency
     1    0.024374    0.000000    0.000000   10.000000 ^ wr_clk (in)
                                                         wr_clk (net)
                      0.001077    0.000538   10.000539 ^ clkbuf_0_wr_clk/A (sky130_fd_sc_hd__clkbuf_16)
    16    0.103304    0.118752    0.172854   10.173392 ^ clkbuf_0_wr_clk/X (sky130_fd_sc_hd__clkbuf_16)
                                                         clknet_0_wr_clk (net)
                      0.118777    0.001434   10.174826 ^ clkbuf_4_10_0_wr_clk/A (sky130_fd_sc_hd__clkbuf_8)
     2    0.019042    0.049921    0.157851   10.332676 ^ clkbuf_4_10_0_wr_clk/X (sky130_fd_sc_hd__clkbuf_8)
                                                         clknet_4_10_0_wr_clk (net)
                      0.049921    0.000226   10.332903 ^ clkbuf_5_21__f_wr_clk/A (sky130_fd_sc_hd__clkbuf_16)
     6    0.019165    0.041133    0.126353   10.459256 ^ clkbuf_5_21__f_wr_clk/X (sky130_fd_sc_hd__clkbuf_16)
                                                         clknet_5_21__leaf_wr_clk (net)
                      0.041134    0.000511   10.459766 ^ _1195_/CLK (sky130_fd_sc_hd__dfrtp_2)
                                 -0.200000   10.259767   clock uncertainty
                                  0.000000   10.259767   clock reconvergence pessimism
                                 -0.120795   10.138971   library setup time
                                             10.138971   data required time
---------------------------------------------------------------------------------------------
                                             10.138971   data required time
                                             -3.752962   data arrival time
---------------------------------------------------------------------------------------------
                                              6.386010   slack (MET)




===========================================================================
report_checks --slack_max -0.01
============================================================================
======================= min_tt_025C_1v80 Corner ===================================

No paths found.


===========================================================================
 report_check_types -max_slew -max_cap -max_fanout -violators
============================================================================
======================= min_tt_025C_1v80 Corner ===================================

max fanout

Pin                                   Limit Fanout  Slack
---------------------------------------------------------
clkbuf_0_wr_clk/X                         8     16     -8 (VIOLATED)



===========================================================================
report_parasitic_annotation -report_unannotated
============================================================================
Found 12 unannotated drivers.
 _1200__97/LO
 _1202__98/LO
 clkload0/X
 clkload1/X
 clkload2/X
 clkload3/X
 clkload4/X
 clkload5/X
 clkload6/X
 clkload7/X
 clkload8/X
 clkload9/X
Found 0 partially unannotated drivers.

===========================================================================
max slew violation count 0
max fanout violation count 1
max cap violation count 0
============================================================================

===========================================================================
check_setup -verbose -unconstrained_endpoints -multiple_clock -no_clock -no_input_delay -loops -generated_clocks
===========================================================================
Warning: There are 2 input ports missing set_input_delay.
  rd_rst_n
  wr_rst_n
