Reading technology LEF file at '/home/jayanth/OpenLane/pdks/ciel/sky130/versions/0fe599b2afb6708d281543108caf8310912f54af/ciel/sky130/versions/8afc8346a57fe1ab7934ba5a6056ea8b43078e71/sky130A/libs.ref/sky130_fd_sc_hd/techlef/sky130_fd_sc_hd__max.tlef'…
[INFO ODB-0227] LEF file: /home/jayanth/OpenLane/pdks/ciel/sky130/versions/0fe599b2afb6708d281543108caf8310912f54af/ciel/sky130/versions/8afc8346a57fe1ab7934ba5a6056ea8b43078e71/sky130A/libs.ref/sky130_fd_sc_hd/techlef/sky130_fd_sc_hd__max.tlef, created 14 layers, 25 vias
Reading cell LEF file at '/home/jayanth/OpenLane/pdks/ciel/sky130/versions/0fe599b2afb6708d281543108caf8310912f54af/ciel/sky130/versions/8afc8346a57fe1ab7934ba5a6056ea8b43078e71/sky130A/libs.ref/sky130_fd_sc_hd/lef/sky130_fd_sc_hd.lef'…
[WARNING ODB-0220] WARNING (LEFPARS-2008): NOWIREEXTENSIONATPIN statement is obsolete in version 5.6 or later.
The NOWIREEXTENSIONATPIN statement will be ignored. See file /home/jayanth/OpenLane/pdks/ciel/sky130/versions/0fe599b2afb6708d281543108caf8310912f54af/ciel/sky130/versions/8afc8346a57fe1ab7934ba5a6056ea8b43078e71/sky130A/libs.ref/sky130_fd_sc_hd/lef/sky130_fd_sc_hd.lef at line 2.

[INFO ODB-0227] LEF file: /home/jayanth/OpenLane/pdks/ciel/sky130/versions/0fe599b2afb6708d281543108caf8310912f54af/ciel/sky130/versions/8afc8346a57fe1ab7934ba5a6056ea8b43078e71/sky130A/libs.ref/sky130_fd_sc_hd/lef/sky130_fd_sc_hd.lef, created 437 library cells
Reading cell LEF file at '/home/jayanth/OpenLane/pdks/ciel/sky130/versions/0fe599b2afb6708d281543108caf8310912f54af/ciel/sky130/versions/8afc8346a57fe1ab7934ba5a6056ea8b43078e71/sky130A/libs.ref/sky130_fd_sc_hd/lef/sky130_ef_sc_hd.lef'…
[WARNING ODB-0220] WARNING (LEFPARS-2008): NOWIREEXTENSIONATPIN statement is obsolete in version 5.6 or later.
The NOWIREEXTENSIONATPIN statement will be ignored. See file /home/jayanth/OpenLane/pdks/ciel/sky130/versions/0fe599b2afb6708d281543108caf8310912f54af/ciel/sky130/versions/8afc8346a57fe1ab7934ba5a6056ea8b43078e71/sky130A/libs.ref/sky130_fd_sc_hd/lef/sky130_ef_sc_hd.lef at line 2.

[INFO ODB-0227] LEF file: /home/jayanth/OpenLane/pdks/ciel/sky130/versions/0fe599b2afb6708d281543108caf8310912f54af/ciel/sky130/versions/8afc8346a57fe1ab7934ba5a6056ea8b43078e71/sky130A/libs.ref/sky130_fd_sc_hd/lef/sky130_ef_sc_hd.lef, created 8 library cells
[INFO ODB-0127] Reading DEF file: /home/jayanth/librelane/designs/asyncfifo/runs/RUN_2026-08-28_15-48-26/54-odb-cellfrequencytables/async_fifo.def
[INFO ODB-0128] Design: async_fifo
[INFO ODB-0130]     Created 36 pins.
[INFO ODB-0131]     Created 3201 components and 15198 component-terminals.
[INFO ODB-0132]     Created 2 special nets and 12284 connections.
[INFO ODB-0133]     Created 913 nets and 2902 connections.
[INFO ODB-0134] Finished DEF file: /home/jayanth/librelane/designs/asyncfifo/runs/RUN_2026-08-28_15-48-26/54-odb-cellfrequencytables/async_fifo.def
Using RCX ruleset '/home/jayanth/OpenLane/pdks/ciel/sky130/versions/0fe599b2afb6708d281543108caf8310912f54af/ciel/sky130/versions/8afc8346a57fe1ab7934ba5a6056ea8b43078e71/sky130A/libs.tech/openlane/rules.openrcx.sky130A.max.calibre'…
[INFO RCX-0431] Defined process_corner CURRENT_CORNER with ext_model_index 0
[INFO RCX-0029] Defined extraction corner CURRENT_CORNER
+ extract_parasitics  -ext_model_file /home/jayanth/OpenLane/pdks/ciel/sky130/versions/0fe599b2afb6708d281543108caf8310912f54af/ciel/sky130/versions/8afc8346a57fe1ab7934ba5a6056ea8b43078e71/sky130A/libs.tech/openlane/rules.openrcx.sky130A.max.calibre -lef_res
[INFO RCX-0435] Reading extraction model file /home/jayanth/OpenLane/pdks/ciel/sky130/versions/0fe599b2afb6708d281543108caf8310912f54af/ciel/sky130/versions/8afc8346a57fe1ab7934ba5a6056ea8b43078e71/sky130A/libs.tech/openlane/rules.openrcx.sky130A.max.calibre ...
[INFO RCX-0436] RC segment generation async_fifo (max_merge_res 50.0) ...
[INFO RCX-0040] Final 4099 rc segments
[INFO RCX-0439] Coupling Cap extraction async_fifo ...
[INFO RCX-0440] Coupling threshhold is 0.1000 fF, coupling capacitance less than 0.1000 fF will be grounded.
[INFO RCX-0442] 56% of 6259 wires extracted
[INFO RCX-0442] 100% of 6259 wires extracted
[INFO RCX-0045] Extract 913 nets, 5012 rsegs, 5012 caps, 5694 ccs
Setting global connections for newly added cells…
[INFO] Setting global connections...
[INFO ODB-0403] 0 connections made, 0 conflicts skipped.
Updating metrics…
Cell type report:                       Count       Area
  Fill cell                              2040    6746.47
  Tap cell                                260     325.31
  Standard cell                           901   11633.66
  Total                                  3201   18705.44
Writing extracted parasitics to '/home/jayanth/librelane/designs/asyncfifo/runs/RUN_2026-08-28_15-48-26/55-openroad-rcx/max/async_fifo.max.spef'…
[INFO RCX-0443] 913 nets finished
