
===========================================================================
report_checks -unconstrained
===========================================================================
======================= max_tt_025C_1v80 Corner ===================================

Startpoint: _1201_ (rising edge-triggered flip-flop clocked by wr_clk)
Endpoint: _1227_ (recovery check against rising-edge clock wr_clk)
Path Group: asynchronous
Path Type: max

Fanout         Cap        Slew       Delay        Time   Description
---------------------------------------------------------------------------------------------
                                  0.000000    0.000000   clock wr_clk (rise edge)
                                  0.000000    0.000000   clock source latency
     1    0.027282    0.000000    0.000000    0.000000 ^ wr_clk (in)
                                                         wr_clk (net)
                      0.002206    0.001103    0.001103 ^ clkbuf_0_wr_clk/A (sky130_fd_sc_hd__clkbuf_16)
    16    0.110998    0.124601    0.175242    0.176345 ^ clkbuf_0_wr_clk/X (sky130_fd_sc_hd__clkbuf_16)
                                                         clknet_0_wr_clk (net)
                      0.124944    0.005272    0.181617 ^ clkbuf_4_10_0_wr_clk/A (sky130_fd_sc_hd__clkbuf_8)
     2    0.019767    0.051179    0.160631    0.342249 ^ clkbuf_4_10_0_wr_clk/X (sky130_fd_sc_hd__clkbuf_8)
                                                         clknet_4_10_0_wr_clk (net)
                      0.051207    0.001100    0.343348 ^ clkbuf_5_21__f_wr_clk/A (sky130_fd_sc_hd__clkbuf_16)
     6    0.020725    0.042512    0.127812    0.471160 ^ clkbuf_5_21__f_wr_clk/X (sky130_fd_sc_hd__clkbuf_16)
                                                         clknet_5_21__leaf_wr_clk (net)
                      0.042706    0.002141    0.473301 ^ _1201_/CLK (sky130_fd_sc_hd__dfrtp_2)
     1    0.003549    0.041402    0.333887    0.807188 ^ _1201_/Q (sky130_fd_sc_hd__dfrtp_2)
                                                         u_wr_reset_sync.sync_ff2 (net)
                      0.041402    0.000236    0.807424 ^ fanout80/A (sky130_fd_sc_hd__clkdlybuf4s25_1)
     7    0.042167    0.423378    0.509396    1.316821 ^ fanout80/X (sky130_fd_sc_hd__clkdlybuf4s25_1)
                                                         net80 (net)
                      0.423512    0.001268    1.318089 ^ fanout79/A (sky130_fd_sc_hd__clkdlybuf4s25_1)
     5    0.025118    0.257193    0.480829    1.798918 ^ fanout79/X (sky130_fd_sc_hd__clkdlybuf4s25_1)
                                                         net79 (net)
                      0.257197    0.001441    1.800359 ^ fanout77/A (sky130_fd_sc_hd__clkdlybuf4s25_1)
     8    0.038232    0.385416    0.543186    2.343544 ^ fanout77/X (sky130_fd_sc_hd__clkdlybuf4s25_1)
                                                         net77 (net)
                      0.385476    0.004757    2.348302 ^ _1227_/RESET_B (sky130_fd_sc_hd__dfrtp_2)
                                              2.348302   data arrival time

                                 10.000000   10.000000   clock wr_clk (rise edge)
                                  0.000000   10.000000   clock source latency
     1    0.027282    0.000000    0.000000   10.000000 ^ wr_clk (in)
                                                         wr_clk (net)
                      0.002206    0.001103   10.001103 ^ clkbuf_0_wr_clk/A (sky130_fd_sc_hd__clkbuf_16)
    16    0.110998    0.124601    0.175242   10.176346 ^ clkbuf_0_wr_clk/X (sky130_fd_sc_hd__clkbuf_16)
                                                         clknet_0_wr_clk (net)
                      0.124774    0.003810   10.180156 ^ clkbuf_4_15_0_wr_clk/A (sky130_fd_sc_hd__clkbuf_8)
     2    0.019466    0.050765    0.159837   10.339993 ^ clkbuf_4_15_0_wr_clk/X (sky130_fd_sc_hd__clkbuf_8)
                                                         clknet_4_15_0_wr_clk (net)
                      0.050814    0.001422   10.341415 ^ clkbuf_5_30__f_wr_clk/A (sky130_fd_sc_hd__clkbuf_16)
     5    0.013428    0.036270    0.121095   10.462510 ^ clkbuf_5_30__f_wr_clk/X (sky130_fd_sc_hd__clkbuf_16)
                                                         clknet_5_30__leaf_wr_clk (net)
                      0.036270    0.000683   10.463193 ^ _1227_/CLK (sky130_fd_sc_hd__dfrtp_2)
                                 -0.200000   10.263193   clock uncertainty
                                  0.000000   10.263193   clock reconvergence pessimism
                                  0.114756   10.377950   library recovery time
                                             10.377950   data required time
---------------------------------------------------------------------------------------------
                                             10.377950   data required time
                                             -2.348302   data arrival time
---------------------------------------------------------------------------------------------
                                              8.029648   slack (MET)


Startpoint: _1239_ (rising edge-triggered flip-flop clocked by rd_clk)
Endpoint: rd_data[2] (output port clocked by rd_clk)
Path Group: rd_clk
Path Type: max

Fanout         Cap        Slew       Delay        Time   Description
---------------------------------------------------------------------------------------------
                                  0.000000    0.000000   clock rd_clk (rise edge)
                                  0.000000    0.000000   clock source latency
     1    0.014693    0.000000    0.000000    0.000000 ^ rd_clk (in)
                                                         rd_clk (net)
                      0.001934    0.000967    0.000967 ^ clkbuf_0_rd_clk/A (sky130_fd_sc_hd__clkbuf_16)
     4    0.039309    0.059126    0.125600    0.126567 ^ clkbuf_0_rd_clk/X (sky130_fd_sc_hd__clkbuf_16)
                                                         clknet_0_rd_clk (net)
                      0.059300    0.002176    0.128743 ^ clkbuf_2_2__f_rd_clk/A (sky130_fd_sc_hd__clkbuf_16)
     8    0.032280    0.052944    0.140869    0.269612 ^ clkbuf_2_2__f_rd_clk/X (sky130_fd_sc_hd__clkbuf_16)
                                                         clknet_2_2__leaf_rd_clk (net)
                      0.052980    0.001567    0.271179 ^ _1239_/CLK (sky130_fd_sc_hd__dfrtp_2)
     3    0.025110    0.132975    0.419095    0.690274 ^ _1239_/Q (sky130_fd_sc_hd__dfrtp_2)
                                                         rd_ptr_bin[0] (net)
                      0.133078    0.003369    0.693642 ^ fanout56/A (sky130_fd_sc_hd__clkdlybuf4s25_1)
     4    0.026964    0.275706    0.437198    1.130841 ^ fanout56/X (sky130_fd_sc_hd__clkdlybuf4s25_1)
                                                         net56 (net)
                      0.275723    0.002387    1.133228 ^ fanout54/A (sky130_fd_sc_hd__clkdlybuf4s25_1)
     5    0.034494    0.348732    0.523126    1.656354 ^ fanout54/X (sky130_fd_sc_hd__clkdlybuf4s25_1)
                                                         net54 (net)
                      0.348740    0.002150    1.658504 ^ load_slew55/A (sky130_fd_sc_hd__buf_4)
     4    0.036405    0.111003    0.240541    1.899046 ^ load_slew55/X (sky130_fd_sc_hd__buf_4)
                                                         net55 (net)
                      0.111151    0.003579    1.902625 ^ _0740_/S0 (sky130_fd_sc_hd__mux4_2)
     1    0.003622    0.082831    0.504659    2.407283 v _0740_/X (sky130_fd_sc_hd__mux4_2)
                                                         _0328_ (net)
                      0.082831    0.000259    2.407542 v _0741_/A1 (sky130_fd_sc_hd__mux2_2)
     1    0.009268    0.066103    0.300283    2.707825 v _0741_/X (sky130_fd_sc_hd__mux2_2)
                                                         _0329_ (net)
                      0.066120    0.001008    2.708833 v _0742_/A1 (sky130_fd_sc_hd__mux2_2)
     1    0.004933    0.054885    0.276326    2.985160 v _0742_/X (sky130_fd_sc_hd__mux2_2)
                                                         _0330_ (net)
                      0.054885    0.000339    2.985499 v _0743_/A (sky130_fd_sc_hd__buf_1)
     1    0.002294    0.023989    0.088997    3.074496 v _0743_/X (sky130_fd_sc_hd__buf_1)
                                                         net27 (net)
                      0.023989    0.000105    3.074601 v output27/A (sky130_fd_sc_hd__clkdlybuf4s25_1)
     1    0.016191    0.128822    0.309063    3.383663 v output27/X (sky130_fd_sc_hd__clkdlybuf4s25_1)
                                                         rd_data[2] (net)
                      0.128825    0.000803    3.384467 v rd_data[2] (out)
                                              3.384467   data arrival time

                                 25.000000   25.000000   clock rd_clk (rise edge)
                                  0.000000   25.000000   clock network delay (propagated)
                                 -0.200000   24.799999   clock uncertainty
                                  0.000000   24.799999   clock reconvergence pessimism
                                 -1.500000   23.299999   output external delay
                                             23.299999   data required time
---------------------------------------------------------------------------------------------
                                             23.299999   data required time
                                             -3.384467   data arrival time
---------------------------------------------------------------------------------------------
                                             19.915533   slack (MET)


Startpoint: _1229_ (rising edge-triggered flip-flop clocked by wr_clk)
Endpoint: _1195_ (rising edge-triggered flip-flop clocked by wr_clk)
Path Group: wr_clk
Path Type: max

Fanout         Cap        Slew       Delay        Time   Description
---------------------------------------------------------------------------------------------
                                  0.000000    0.000000   clock wr_clk (rise edge)
                                  0.000000    0.000000   clock source latency
     1    0.027282    0.000000    0.000000    0.000000 ^ wr_clk (in)
                                                         wr_clk (net)
                      0.002206    0.001103    0.001103 ^ clkbuf_0_wr_clk/A (sky130_fd_sc_hd__clkbuf_16)
    16    0.110998    0.124601    0.175242    0.176345 ^ clkbuf_0_wr_clk/X (sky130_fd_sc_hd__clkbuf_16)
                                                         clknet_0_wr_clk (net)
                      0.124776    0.003829    0.180174 ^ clkbuf_4_14_0_wr_clk/A (sky130_fd_sc_hd__clkbuf_8)
     2    0.019542    0.050842    0.160149    0.340324 ^ clkbuf_4_14_0_wr_clk/X (sky130_fd_sc_hd__clkbuf_8)
                                                         clknet_4_14_0_wr_clk (net)
                      0.050877    0.001210    0.341534 ^ clkbuf_5_28__f_wr_clk/A (sky130_fd_sc_hd__clkbuf_16)
     5    0.022901    0.044377    0.130098    0.471632 ^ clkbuf_5_28__f_wr_clk/X (sky130_fd_sc_hd__clkbuf_16)
                                                         clknet_5_28__leaf_wr_clk (net)
                      0.044420    0.001170    0.472802 ^ _1229_/CLK (sky130_fd_sc_hd__dfrtp_2)
     3    0.011369    0.075289    0.369073    0.841875 ^ _1229_/Q (sky130_fd_sc_hd__dfrtp_2)
                                                         u_fifomem.wr_addr[0] (net)
                      0.075292    0.000569    0.842444 ^ fanout71/A (sky130_fd_sc_hd__clkdlybuf4s25_1)
     8    0.049091    0.490575    0.569596    1.412040 ^ fanout71/X (sky130_fd_sc_hd__clkdlybuf4s25_1)
                                                         net71 (net)
                      0.490730    0.002879    1.414919 ^ fanout70/A (sky130_fd_sc_hd__clkdlybuf4s25_1)
     8    0.037029    0.373423    0.571204    1.986124 ^ fanout70/X (sky130_fd_sc_hd__clkdlybuf4s25_1)
                                                         net70 (net)
                      0.373427    0.001935    1.988058 ^ _0540_/A3 (sky130_fd_sc_hd__a31oi_2)
     4    0.024050    0.184705    0.236581    2.224640 v _0540_/Y (sky130_fd_sc_hd__a31oi_2)
                                                         _0148_ (net)
                      0.184708    0.001142    2.225782 v max_cap46/A (sky130_fd_sc_hd__clkbuf_2)
     4    0.018501    0.077425    0.203562    2.429344 v max_cap46/X (sky130_fd_sc_hd__clkbuf_2)
                                                         net46 (net)
                      0.077446    0.001228    2.430573 v _0588_/C1 (sky130_fd_sc_hd__a311oi_1)
     2    0.010353    0.420025    0.372548    2.803120 ^ _0588_/Y (sky130_fd_sc_hd__a311oi_1)
                                                         _0182_ (net)
                      0.420025    0.000777    2.803897 ^ wire43/A (sky130_fd_sc_hd__clkdlybuf4s25_1)
     1    0.009880    0.109927    0.376865    3.180762 ^ wire43/X (sky130_fd_sc_hd__clkdlybuf4s25_1)
                                                         net43 (net)
                      0.109927    0.000479    3.181241 ^ _0599_/A2 (sky130_fd_sc_hd__a22oi_4)
     2    0.012512    0.111776    0.096519    3.277760 v _0599_/Y (sky130_fd_sc_hd__a22oi_4)
                                                         _0193_ (net)
                      0.111777    0.000725    3.278485 v _0600_/B2 (sky130_fd_sc_hd__o22ai_2)
     3    0.014977    0.227060    0.194777    3.473263 ^ _0600_/Y (sky130_fd_sc_hd__o22ai_2)
                                                         _0194_ (net)
                      0.227062    0.000994    3.474257 ^ _0605_/A (sky130_fd_sc_hd__nand2_2)
     2    0.009675    0.078924    0.097799    3.572055 v _0605_/Y (sky130_fd_sc_hd__nand2_2)
                                                         _0199_ (net)
                      0.078958    0.000599    3.572654 v _0613_/A (sky130_fd_sc_hd__nand2_2)
     1    0.005891    0.053263    0.072671    3.645325 ^ _0613_/Y (sky130_fd_sc_hd__nand2_2)
                                                         _0207_ (net)
                      0.053264    0.000440    3.645766 ^ _0631_/A1_N (sky130_fd_sc_hd__o2bb2ai_2)
     1    0.011334    0.171669    0.131408    3.777174 ^ _0631_/Y (sky130_fd_sc_hd__o2bb2ai_2)
                                                         _0225_ (net)
                      0.171690    0.000958    3.778133 ^ _0640_/A (sky130_fd_sc_hd__nand3_4)
     1    0.002787    0.056162    0.068851    3.846984 v _0640_/Y (sky130_fd_sc_hd__nand3_4)
                                                         _0001_ (net)
                      0.056162    0.000186    3.847170 v _1195_/D (sky130_fd_sc_hd__dfrtp_2)
                                              3.847170   data arrival time

                                 10.000000   10.000000   clock wr_clk (rise edge)
                                  0.000000   10.000000   clock source latency
     1    0.027282    0.000000    0.000000   10.000000 ^ wr_clk (in)
                                                         wr_clk (net)
                      0.002206    0.001103   10.001103 ^ clkbuf_0_wr_clk/A (sky130_fd_sc_hd__clkbuf_16)
    16    0.110998    0.124601    0.175242   10.176346 ^ clkbuf_0_wr_clk/X (sky130_fd_sc_hd__clkbuf_16)
                                                         clknet_0_wr_clk (net)
                      0.124944    0.005272   10.181618 ^ clkbuf_4_10_0_wr_clk/A (sky130_fd_sc_hd__clkbuf_8)
     2    0.019767    0.051179    0.160632   10.342249 ^ clkbuf_4_10_0_wr_clk/X (sky130_fd_sc_hd__clkbuf_8)
                                                         clknet_4_10_0_wr_clk (net)
                      0.051207    0.001100   10.343349 ^ clkbuf_5_21__f_wr_clk/A (sky130_fd_sc_hd__clkbuf_16)
     6    0.020725    0.042512    0.127812   10.471160 ^ clkbuf_5_21__f_wr_clk/X (sky130_fd_sc_hd__clkbuf_16)
                                                         clknet_5_21__leaf_wr_clk (net)
                      0.042711    0.002178   10.473338 ^ _1195_/CLK (sky130_fd_sc_hd__dfrtp_2)
                                 -0.200000   10.273338   clock uncertainty
                                  0.000000   10.273338   clock reconvergence pessimism
                                 -0.120923   10.152415   library setup time
                                             10.152415   data required time
---------------------------------------------------------------------------------------------
                                             10.152415   data required time
                                             -3.847170   data arrival time
---------------------------------------------------------------------------------------------
                                              6.305245   slack (MET)




===========================================================================
report_checks --slack_max -0.01
============================================================================
======================= max_tt_025C_1v80 Corner ===================================

No paths found.


===========================================================================
 report_check_types -max_slew -max_cap -max_fanout -violators
============================================================================
======================= max_tt_025C_1v80 Corner ===================================

max fanout

Pin                                   Limit Fanout  Slack
---------------------------------------------------------
clkbuf_0_wr_clk/X                         8     16     -8 (VIOLATED)



===========================================================================
report_parasitic_annotation -report_unannotated
============================================================================
Found 12 unannotated drivers.
 _1200__97/LO
 _1202__98/LO
 clkload0/X
 clkload1/X
 clkload2/X
 clkload3/X
 clkload4/X
 clkload5/X
 clkload6/X
 clkload7/X
 clkload8/X
 clkload9/X
Found 0 partially unannotated drivers.

===========================================================================
max slew violation count 0
max fanout violation count 1
max cap violation count 0
============================================================================

===========================================================================
check_setup -verbose -unconstrained_endpoints -multiple_clock -no_clock -no_input_delay -loops -generated_clocks
===========================================================================
Warning: There are 2 input ports missing set_input_delay.
  rd_rst_n
  wr_rst_n
