
===========================================================================
 report_power
============================================================================
======================= nom_ff_n40C_1v95 Corner ===================================

Group                    Internal    Switching      Leakage        Total
                            Power        Power        Power        Power (Watts)
------------------------------------------------------------------------
Sequential           1.228971e-03 1.927523e-04 3.380576e-09 1.421727e-03  30.5%
Combinational        1.126231e-03 8.559418e-04 6.659525e-09 1.982180e-03  42.5%
Clock                8.879050e-04 3.717263e-04 9.092041e-09 1.259640e-03  27.0%
Macro                0.000000e+00 0.000000e+00 0.000000e+00 0.000000e+00   0.0%
Pad                  0.000000e+00 0.000000e+00 0.000000e+00 0.000000e+00   0.0%
------------------------------------------------------------------------
Total                3.243110e-03 1.420420e-03 1.913211e-08 4.663549e-03 100.0%
                            69.5%        30.5%         0.0%

