
===========================================================================
 report_power
============================================================================
======================= nom_tt_025C_1v80 Corner ===================================

Group                    Internal    Switching      Leakage        Total
                            Power        Power        Power        Power (Watts)
------------------------------------------------------------------------
Sequential           1.067274e-03 1.615427e-04 1.706337e-09 1.228818e-03  30.5%
Combinational        9.962741e-04 7.205826e-04 2.360134e-09 1.716859e-03  42.6%
Clock                7.748579e-04 3.117134e-04 5.742145e-09 1.086577e-03  26.9%
Macro                0.000000e+00 0.000000e+00 0.000000e+00 0.000000e+00   0.0%
Pad                  0.000000e+00 0.000000e+00 0.000000e+00 0.000000e+00   0.0%
------------------------------------------------------------------------
Total                2.838405e-03 1.193839e-03 9.808611e-09 4.032253e-03 100.0%
                            70.4%        29.6%         0.0%

