Reading timing models for corner nom_tt_025C_1v80…
Reading timing library for the 'nom_tt_025C_1v80' corner at '/home/jayanth/OpenLane/pdks/ciel/sky130/versions/0fe599b2afb6708d281543108caf8310912f54af/ciel/sky130/versions/8afc8346a57fe1ab7934ba5a6056ea8b43078e71/sky130A/libs.ref/sky130_fd_sc_hd/lib/sky130_fd_sc_hd__tt_025C_1v80.lib'…
Reading OpenROAD database at '/home/jayanth/librelane/designs/asyncfifo/runs/RUN_2026-08-28_15-53-10/37-openroad-resizertimingpostcts/async_fifo.odb'…
Reading design constraints file at '/home/jayanth/librelane/designs/asyncfifo/src/constraint.sdc'…
[INFO] No information on clock propagation in input SDC file-- propagating all clocks.
[INFO] Setting signal min routing layer to: met1 and clock min routing layer to met1. 
[INFO] Setting signal max routing layer to: met5 and clock max routing layer to met5. 
+ global_route -congestion_iterations 50 -verbose
[INFO GRT-0020] Min routing layer: met1
[INFO GRT-0021] Max routing layer: met5
[INFO GRT-0022] Global adjustment: 30%
[INFO GRT-0023] Grid origin: (0, 0)
[INFO GRT-0088] Layer li1     Track-Pitch = 0.4600  line-2-Via Pitch: 0.3400
[INFO GRT-0088] Layer met1    Track-Pitch = 0.3400  line-2-Via Pitch: 0.3400
[INFO GRT-0088] Layer met2    Track-Pitch = 0.4600  line-2-Via Pitch: 0.3500
[INFO GRT-0088] Layer met3    Track-Pitch = 0.6800  line-2-Via Pitch: 0.6150
[INFO GRT-0088] Layer met4    Track-Pitch = 0.9200  line-2-Via Pitch: 1.0400
[INFO GRT-0088] Layer met5    Track-Pitch = 3.4000  line-2-Via Pitch: 3.1100
[INFO GRT-0003] Macros: 0
[INFO GRT-0004] Blockages: 3112
[INFO GRT-0019] Found 56 clock nets.
[INFO GRT-0001] Minimum degree: 2
[INFO GRT-0002] Maximum degree: 17

[INFO GRT-0053] Routing resources analysis:
          Routing      Original      Derated      Resource
Layer     Direction    Resources     Resources    Reduction (%)
---------------------------------------------------------------
li1        Vertical            0             0          0.00%
met1       Horizontal       6243          4170          33.21%
met2       Vertical         6122          4055          33.76%
met3       Horizontal       4389          2953          32.72%
met4       Vertical         3050          1848          39.41%
met5       Horizontal        640           360          43.75%
---------------------------------------------------------------

[INFO GRT-0101] Running extra iterations to remove overflow.
[INFO GRT-0102] Start extra iteration 1/50
[INFO GRT-0102] Start extra iteration 2/50
[INFO GRT-0102] Start extra iteration 3/50
[INFO GRT-0102] Start extra iteration 4/50
[INFO GRT-0197] Via related to pin nodes: 4839
[INFO GRT-0198] Via related Steiner nodes: 86
[INFO GRT-0199] Via filling finished.
[INFO GRT-0111] Final number of vias: 6055
[INFO GRT-0112] Final usage 3D: 21065

[INFO GRT-0096] Final congestion report:
Layer         Resource        Demand        Usage (%)    Max H / Max V / Total Overflow
---------------------------------------------------------------------------------------
li1                  0             0            0.00%             0 /  0 /  0
met1              4170          1280           30.70%             0 /  0 /  0
met2              4055          1498           36.94%             0 /  0 /  0
met3              2953            49            1.66%             0 /  0 /  0
met4              1848            73            3.95%             0 /  0 /  0
met5               360             0            0.00%             0 /  0 /  0
---------------------------------------------------------------------------------------
Total            13386          2900           21.66%             0 /  0 /  0

[INFO GRT-0018] Total wirelength: 33057 um
[INFO GRT-0014] Routed nets: 901
[INFO GRT-0303] Global routing runtime = 00:00:00
Setting global connections for newly added cells…
[INFO] Setting global connections...
[INFO ODB-0403] 0 connections made, 0 conflicts skipped.
Updating metrics…
Cell type report:                       Count       Area
  Fill cell                               100     375.36
  Tap cell                                260     325.31
  Buffer                                  146     654.38
  Clock buffer                             64    1246.20
  Timing Repair Buffer                     97     895.86
  Inverter                                 14      52.55
  Sequential cell                         182    4141.47
  Multi-Input combinational cell          386    4628.19
  Total                                  1249   12319.32
Writing OpenROAD database to '/home/jayanth/librelane/designs/asyncfifo/runs/RUN_2026-08-28_15-53-10/39-openroad-globalrouting/async_fifo.odb'…
Writing layout to '/home/jayanth/librelane/designs/asyncfifo/runs/RUN_2026-08-28_15-53-10/39-openroad-globalrouting/async_fifo.def'…
