Reading timing models for corner nom_tt_025C_1v80…
Reading timing library for the 'nom_tt_025C_1v80' corner at '/home/jayanth/OpenLane/pdks/ciel/sky130/versions/0fe599b2afb6708d281543108caf8310912f54af/ciel/sky130/versions/8afc8346a57fe1ab7934ba5a6056ea8b43078e71/sky130A/libs.ref/sky130_fd_sc_hd/lib/sky130_fd_sc_hd__tt_025C_1v80.lib'…
Reading OpenROAD database at '/home/jayanth/librelane/designs/asyncfifo/runs/RUN_2026-08-28_15-45-35/19-openroad-tapendcapinsertion/async_fifo.odb'…
Reading design constraints file at '/home/jayanth/librelane/designs/asyncfifo/src/constraint.sdc'…
[INFO] No information on clock propagation in input SDC file-- propagating all clocks.
[INFO] Setting global connections...
[INFO ODB-0403] 0 connections made, 0 conflicts skipped.
+ pdngen 
[INFO PDN-0001] Inserting grid: stdcell_grid
Setting global connections for newly added cells…
[INFO] Setting global connections...
[INFO ODB-0403] 0 connections made, 0 conflicts skipped.
Updating metrics…
Cell type report:                       Count       Area
  Fill cell                               100     375.36
  Tap cell                                260     325.31
  Buffer                                  146     654.38
  Inverter                                 14      52.55
  Sequential cell                         182    4141.47
  Multi-Input combinational cell          386    4625.69
  Total                                  1088   10174.76
Writing OpenROAD database to '/home/jayanth/librelane/designs/asyncfifo/runs/RUN_2026-08-28_15-45-35/21-openroad-generatepdn/async_fifo.odb'…
Writing netlist to '/home/jayanth/librelane/designs/asyncfifo/runs/RUN_2026-08-28_15-45-35/21-openroad-generatepdn/async_fifo.nl.v'…
Writing powered netlist to '/home/jayanth/librelane/designs/asyncfifo/runs/RUN_2026-08-28_15-45-35/21-openroad-generatepdn/async_fifo.pnl.v'…
Writing layout to '/home/jayanth/librelane/designs/asyncfifo/runs/RUN_2026-08-28_15-45-35/21-openroad-generatepdn/async_fifo.def'…
Writing timing constraints to '/home/jayanth/librelane/designs/asyncfifo/runs/RUN_2026-08-28_15-45-35/21-openroad-generatepdn/async_fifo.sdc'…
[INFO PSM-0040] All shapes on net VDD are connected.
[INFO PSM-0040] All shapes on net VSS are connected.
