
 /----------------------------------------------------------------------------\
 |  yosys -- Yosys Open SYnthesis Suite                                       |
 |  Copyright (C) 2012 - 2026  Claire Xenia Wolf <claire@yosyshq.com>         |
 |  Distributed under an ISC-like license, type "license" to see terms        |
 \----------------------------------------------------------------------------/
 Yosys 0.62 (git sha1 7326bb7d6641500ecb285c291a54a662cb1e76cf, clang++ 21.1.2 -fPIC -O3)

1. Executing Liberty frontend: /home/jayanth/OpenLane/pdks/ciel/sky130/versions/0fe599b2afb6708d281543108caf8310912f54af/ciel/sky130/versions/8afc8346a57fe1ab7934ba5a6056ea8b43078e71/sky130A/libs.ref/sky130_fd_sc_hd/lib/sky130_fd_sc_hd__tt_025C_1v80.lib
Imported 428 cell types from liberty file.
[INFO] Using SDC file '/home/jayanth/librelane/designs/asyncfifo/runs/RUN_2026-08-28_15-45-35/06-yosys-synthesis/synthesis.abc.sdc' for ABC…wtaf

2. Executing Verilog-2005 frontend: /home/jayanth/librelane/designs/asyncfifo/src/async_fifo.sv
Parsing SystemVerilog input from `/home/jayanth/librelane/designs/asyncfifo/src/async_fifo.sv' to AST representation.
Storing AST representation for module `$abstract\async_fifo'.
Successfully finished Verilog frontend.

3. Executing Verilog-2005 frontend: /home/jayanth/librelane/designs/asyncfifo/src/fifomem.sv
Parsing SystemVerilog input from `/home/jayanth/librelane/designs/asyncfifo/src/fifomem.sv' to AST representation.
Storing AST representation for module `$abstract\fifomem'.
Successfully finished Verilog frontend.

4. Executing Verilog-2005 frontend: /home/jayanth/librelane/designs/asyncfifo/src/gray_to_bin.sv
Parsing SystemVerilog input from `/home/jayanth/librelane/designs/asyncfifo/src/gray_to_bin.sv' to AST representation.
Storing AST representation for module `$abstract\gray_to_bin'.
Successfully finished Verilog frontend.

5. Executing Verilog-2005 frontend: /home/jayanth/librelane/designs/asyncfifo/src/rd_ptr_empty.sv
Parsing SystemVerilog input from `/home/jayanth/librelane/designs/asyncfifo/src/rd_ptr_empty.sv' to AST representation.
Storing AST representation for module `$abstract\rd_ptr_empty'.
Successfully finished Verilog frontend.

6. Executing Verilog-2005 frontend: /home/jayanth/librelane/designs/asyncfifo/src/reset_sync.sv
Parsing SystemVerilog input from `/home/jayanth/librelane/designs/asyncfifo/src/reset_sync.sv' to AST representation.
Storing AST representation for module `$abstract\reset_sync'.
Successfully finished Verilog frontend.

7. Executing Verilog-2005 frontend: /home/jayanth/librelane/designs/asyncfifo/src/sync_r2w_ptr.sv
Parsing SystemVerilog input from `/home/jayanth/librelane/designs/asyncfifo/src/sync_r2w_ptr.sv' to AST representation.
Storing AST representation for module `$abstract\sync_r2w_ptr'.
Successfully finished Verilog frontend.

8. Executing Verilog-2005 frontend: /home/jayanth/librelane/designs/asyncfifo/src/sync_w2r_ptr.sv
Parsing SystemVerilog input from `/home/jayanth/librelane/designs/asyncfifo/src/sync_w2r_ptr.sv' to AST representation.
Storing AST representation for module `$abstract\sync_w2r_ptr'.
Successfully finished Verilog frontend.

9. Executing Verilog-2005 frontend: /home/jayanth/librelane/designs/asyncfifo/src/wr_ptr_full.sv
Parsing SystemVerilog input from `/home/jayanth/librelane/designs/asyncfifo/src/wr_ptr_full.sv' to AST representation.
Storing AST representation for module `$abstract\wr_ptr_full'.
Successfully finished Verilog frontend.

10. Executing HIERARCHY pass (managing design hierarchy).

11. Executing AST frontend in derive mode using pre-parsed AST for module `\async_fifo'.
Generating RTLIL representation for module `\async_fifo'.

11.1. Analyzing design hierarchy..
Top module:  \async_fifo
Parameter \ADDR_WIDTH = 4

11.2. Executing AST frontend in derive mode using pre-parsed AST for module `\gray_to_bin'.
Parameter \ADDR_WIDTH = 4
Generating RTLIL representation for module `$paramod\gray_to_bin\ADDR_WIDTH=s32'00000000000000000000000000000100'.
Parameter \ADDR_WIDTH = 4
Found cached RTLIL representation for module `$paramod\gray_to_bin\ADDR_WIDTH=s32'00000000000000000000000000000100'.
Parameter \ADDR_WIDTH = 4

11.3. Executing AST frontend in derive mode using pre-parsed AST for module `\rd_ptr_empty'.
Parameter \ADDR_WIDTH = 4
Generating RTLIL representation for module `$paramod\rd_ptr_empty\ADDR_WIDTH=s32'00000000000000000000000000000100'.
Parameter \ADDR_WIDTH = 4

11.4. Executing AST frontend in derive mode using pre-parsed AST for module `\wr_ptr_full'.
Parameter \ADDR_WIDTH = 4
Generating RTLIL representation for module `$paramod\wr_ptr_full\ADDR_WIDTH=s32'00000000000000000000000000000100'.
Parameter \ADDR_WIDTH = 4

11.5. Executing AST frontend in derive mode using pre-parsed AST for module `\sync_r2w_ptr'.
Parameter \ADDR_WIDTH = 4
Generating RTLIL representation for module `$paramod\sync_r2w_ptr\ADDR_WIDTH=s32'00000000000000000000000000000100'.
Parameter \ADDR_WIDTH = 4

11.6. Executing AST frontend in derive mode using pre-parsed AST for module `\sync_w2r_ptr'.
Parameter \ADDR_WIDTH = 4
Generating RTLIL representation for module `$paramod\sync_w2r_ptr\ADDR_WIDTH=s32'00000000000000000000000000000100'.
Parameter \DATA_WIDTH = 8
Parameter \ADDR_WIDTH = 4

11.7. Executing AST frontend in derive mode using pre-parsed AST for module `\fifomem'.
Parameter \DATA_WIDTH = 8
Parameter \ADDR_WIDTH = 4
Generating RTLIL representation for module `$paramod$823999466288c90fc66a121a247ad477cc27bb8d\fifomem'.

11.8. Executing AST frontend in derive mode using pre-parsed AST for module `\reset_sync'.
Generating RTLIL representation for module `\reset_sync'.

11.9. Analyzing design hierarchy..
Top module:  \async_fifo
Used module:     $paramod\gray_to_bin\ADDR_WIDTH=s32'00000000000000000000000000000100
Used module:     $paramod\rd_ptr_empty\ADDR_WIDTH=s32'00000000000000000000000000000100
Used module:     $paramod\wr_ptr_full\ADDR_WIDTH=s32'00000000000000000000000000000100
Used module:     $paramod\sync_r2w_ptr\ADDR_WIDTH=s32'00000000000000000000000000000100
Used module:     $paramod\sync_w2r_ptr\ADDR_WIDTH=s32'00000000000000000000000000000100
Used module:     $paramod$823999466288c90fc66a121a247ad477cc27bb8d\fifomem
Used module:     \reset_sync

11.10. Analyzing design hierarchy..
Top module:  \async_fifo
Used module:     $paramod\gray_to_bin\ADDR_WIDTH=s32'00000000000000000000000000000100
Used module:     $paramod\rd_ptr_empty\ADDR_WIDTH=s32'00000000000000000000000000000100
Used module:     $paramod\wr_ptr_full\ADDR_WIDTH=s32'00000000000000000000000000000100
Used module:     $paramod\sync_r2w_ptr\ADDR_WIDTH=s32'00000000000000000000000000000100
Used module:     $paramod\sync_w2r_ptr\ADDR_WIDTH=s32'00000000000000000000000000000100
Used module:     $paramod$823999466288c90fc66a121a247ad477cc27bb8d\fifomem
Used module:     \reset_sync
Removing unused module `$abstract\wr_ptr_full'.
Removing unused module `$abstract\sync_w2r_ptr'.
Removing unused module `$abstract\sync_r2w_ptr'.
Removing unused module `$abstract\reset_sync'.
Removing unused module `$abstract\rd_ptr_empty'.
Removing unused module `$abstract\gray_to_bin'.
Removing unused module `$abstract\fifomem'.
Removing unused module `$abstract\async_fifo'.
Removed 8 unused modules.
Renaming module async_fifo to async_fifo.

12. Executing ATTRMAP pass (move or copy attributes).

13. Executing TRIBUF pass.

14. Executing HIERARCHY pass (managing design hierarchy).

14.1. Analyzing design hierarchy..
Top module:  \async_fifo
Used module:     $paramod\gray_to_bin\ADDR_WIDTH=s32'00000000000000000000000000000100
Used module:     $paramod\rd_ptr_empty\ADDR_WIDTH=s32'00000000000000000000000000000100
Used module:     $paramod\wr_ptr_full\ADDR_WIDTH=s32'00000000000000000000000000000100
Used module:     $paramod\sync_r2w_ptr\ADDR_WIDTH=s32'00000000000000000000000000000100
Used module:     $paramod\sync_w2r_ptr\ADDR_WIDTH=s32'00000000000000000000000000000100
Used module:     $paramod$823999466288c90fc66a121a247ad477cc27bb8d\fifomem
Used module:     \reset_sync

14.2. Analyzing design hierarchy..
Top module:  \async_fifo
Used module:     $paramod\gray_to_bin\ADDR_WIDTH=s32'00000000000000000000000000000100
Used module:     $paramod\rd_ptr_empty\ADDR_WIDTH=s32'00000000000000000000000000000100
Used module:     $paramod\wr_ptr_full\ADDR_WIDTH=s32'00000000000000000000000000000100
Used module:     $paramod\sync_r2w_ptr\ADDR_WIDTH=s32'00000000000000000000000000000100
Used module:     $paramod\sync_w2r_ptr\ADDR_WIDTH=s32'00000000000000000000000000000100
Used module:     $paramod$823999466288c90fc66a121a247ad477cc27bb8d\fifomem
Used module:     \reset_sync
Removed 0 unused modules.

15. Executing PROC_CLEAN pass (remove empty switches from decision trees).
Cleaned up 0 empty switches.

16. Executing PROC_RMDEAD pass (remove dead branches from decision trees).
Marked 1 switch rules as full_case in process $proc$/home/jayanth/librelane/designs/asyncfifo/src/async_fifo.sv:141$18 in module async_fifo.
Marked 1 switch rules as full_case in process $proc$/home/jayanth/librelane/designs/asyncfifo/src/async_fifo.sv:123$10 in module async_fifo.
Marked 1 switch rules as full_case in process $proc$/home/jayanth/librelane/designs/asyncfifo/src/fifomem.sv:20$59 in module $paramod$823999466288c90fc66a121a247ad477cc27bb8d\fifomem.
Marked 1 switch rules as full_case in process $proc$/home/jayanth/librelane/designs/asyncfifo/src/sync_w2r_ptr.sv:17$56 in module $paramod\sync_w2r_ptr\ADDR_WIDTH=s32'00000000000000000000000000000100.
Marked 1 switch rules as full_case in process $proc$/home/jayanth/librelane/designs/asyncfifo/src/sync_r2w_ptr.sv:17$54 in module $paramod\sync_r2w_ptr\ADDR_WIDTH=s32'00000000000000000000000000000100.
Marked 1 switch rules as full_case in process $proc$/home/jayanth/librelane/designs/asyncfifo/src/wr_ptr_full.sv:48$52 in module $paramod\wr_ptr_full\ADDR_WIDTH=s32'00000000000000000000000000000100.
Marked 1 switch rules as full_case in process $proc$/home/jayanth/librelane/designs/asyncfifo/src/rd_ptr_empty.sv:26$40 in module $paramod\rd_ptr_empty\ADDR_WIDTH=s32'00000000000000000000000000000100.
Marked 1 switch rules as full_case in process $proc$/home/jayanth/librelane/designs/asyncfifo/src/reset_sync.sv:35$67 in module reset_sync.
Removed a total of 0 dead cases.

17. Executing PROC_PRUNE pass (remove redundant assignments in processes).
Removed 16 redundant assignments.
Promoted 9 assignments to connections.

18. Executing PROC_INIT pass (extract init attributes).

19. Executing PROC_ARST pass (detect async resets in processes).
Found async reset \rd_rst_sync_n in `\async_fifo.$proc$/home/jayanth/librelane/designs/asyncfifo/src/async_fifo.sv:141$18'.
Found async reset \wr_rst_sync_n in `\async_fifo.$proc$/home/jayanth/librelane/designs/asyncfifo/src/async_fifo.sv:123$10'.
Found async reset \rd_rst_n in `$paramod\sync_w2r_ptr\ADDR_WIDTH=s32'00000000000000000000000000000100.$proc$/home/jayanth/librelane/designs/asyncfifo/src/sync_w2r_ptr.sv:17$56'.
Found async reset \wr_rst_n in `$paramod\sync_r2w_ptr\ADDR_WIDTH=s32'00000000000000000000000000000100.$proc$/home/jayanth/librelane/designs/asyncfifo/src/sync_r2w_ptr.sv:17$54'.
Found async reset \wr_rst_n in `$paramod\wr_ptr_full\ADDR_WIDTH=s32'00000000000000000000000000000100.$proc$/home/jayanth/librelane/designs/asyncfifo/src/wr_ptr_full.sv:48$52'.
Found async reset \rd_rst_n in `$paramod\rd_ptr_empty\ADDR_WIDTH=s32'00000000000000000000000000000100.$proc$/home/jayanth/librelane/designs/asyncfifo/src/rd_ptr_empty.sv:26$40'.
Found async reset \arst_n in `\reset_sync.$proc$/home/jayanth/librelane/designs/asyncfifo/src/reset_sync.sv:35$67'.

20. Executing PROC_ROM pass (convert switches to ROMs).
Converted 0 switches.
<suppressed ~1 debug messages>

21. Executing PROC_MUX pass (convert decision trees to multiplexers).
Creating decoders for process `\async_fifo.$proc$/home/jayanth/librelane/designs/asyncfifo/src/async_fifo.sv:141$18'.
     1/2: $0\aempty[0:0]
     2/2: $0\aempty_thresh_latched[3:0]
Creating decoders for process `\async_fifo.$proc$/home/jayanth/librelane/designs/asyncfifo/src/async_fifo.sv:123$10'.
     1/2: $0\afull[0:0]
     2/2: $0\afull_thresh_latched[3:0]
Creating decoders for process `$paramod$823999466288c90fc66a121a247ad477cc27bb8d\fifomem.$proc$/home/jayanth/librelane/designs/asyncfifo/src/fifomem.sv:20$59'.
     1/3: $1$memwr$\mem$/home/jayanth/librelane/designs/asyncfifo/src/fifomem.sv:22$58_EN[7:0]$65
     2/3: $1$memwr$\mem$/home/jayanth/librelane/designs/asyncfifo/src/fifomem.sv:22$58_DATA[7:0]$64
     3/3: $1$memwr$\mem$/home/jayanth/librelane/designs/asyncfifo/src/fifomem.sv:22$58_ADDR[3:0]$63
Creating decoders for process `$paramod\sync_w2r_ptr\ADDR_WIDTH=s32'00000000000000000000000000000100.$proc$/home/jayanth/librelane/designs/asyncfifo/src/sync_w2r_ptr.sv:17$56'.
     1/2: $0\sync_stage2[4:0]
     2/2: $0\sync_stage1[4:0]
Creating decoders for process `$paramod\sync_r2w_ptr\ADDR_WIDTH=s32'00000000000000000000000000000100.$proc$/home/jayanth/librelane/designs/asyncfifo/src/sync_r2w_ptr.sv:17$54'.
     1/2: $0\sync_stage2[4:0]
     2/2: $0\sync_stage1[4:0]
Creating decoders for process `$paramod\wr_ptr_full\ADDR_WIDTH=s32'00000000000000000000000000000100.$proc$/home/jayanth/librelane/designs/asyncfifo/src/wr_ptr_full.sv:48$52'.
     1/3: $0\full[0:0]
     2/3: $0\wr_ptr_gray[4:0]
     3/3: $0\wr_ptr_bin[4:0]
Creating decoders for process `$paramod\rd_ptr_empty\ADDR_WIDTH=s32'00000000000000000000000000000100.$proc$/home/jayanth/librelane/designs/asyncfifo/src/rd_ptr_empty.sv:26$40'.
     1/3: $0\empty[0:0]
     2/3: $0\rd_ptr_gray[4:0]
     3/3: $0\rd_ptr_bin[4:0]
Creating decoders for process `$paramod\gray_to_bin\ADDR_WIDTH=s32'00000000000000000000000000000100.$proc$/home/jayanth/librelane/designs/asyncfifo/src/gray_to_bin.sv:14$21'.
Creating decoders for process `\reset_sync.$proc$/home/jayanth/librelane/designs/asyncfifo/src/reset_sync.sv:35$67'.
     1/2: $0\sync_ff2[0:0]
     2/2: $0\sync_ff1[0:0]

22. Executing PROC_DLATCH pass (convert process syncs to latches).
No latch inferred for signal `$paramod\gray_to_bin\ADDR_WIDTH=s32'00000000000000000000000000000100.\bin_out' from process `$paramod\gray_to_bin\ADDR_WIDTH=s32'00000000000000000000000000000100.$proc$/home/jayanth/librelane/designs/asyncfifo/src/gray_to_bin.sv:14$21'.
No latch inferred for signal `$paramod\gray_to_bin\ADDR_WIDTH=s32'00000000000000000000000000000100.$fordecl_block$1.i' from process `$paramod\gray_to_bin\ADDR_WIDTH=s32'00000000000000000000000000000100.$proc$/home/jayanth/librelane/designs/asyncfifo/src/gray_to_bin.sv:14$21'.

23. Executing PROC_DFF pass (convert process syncs to FFs).
Creating register for signal `\async_fifo.\aempty' using process `\async_fifo.$proc$/home/jayanth/librelane/designs/asyncfifo/src/async_fifo.sv:141$18'.
  created $adff cell `$procdff$82' with positive edge clock and positive level reset.
Creating register for signal `\async_fifo.\aempty_thresh_latched' using process `\async_fifo.$proc$/home/jayanth/librelane/designs/asyncfifo/src/async_fifo.sv:141$18'.
  created $adff cell `$procdff$87' with positive edge clock and positive level reset.
Creating register for signal `\async_fifo.\afull' using process `\async_fifo.$proc$/home/jayanth/librelane/designs/asyncfifo/src/async_fifo.sv:123$10'.
  created $adff cell `$procdff$92' with positive edge clock and positive level reset.
Creating register for signal `\async_fifo.\afull_thresh_latched' using process `\async_fifo.$proc$/home/jayanth/librelane/designs/asyncfifo/src/async_fifo.sv:123$10'.
  created $adff cell `$procdff$97' with positive edge clock and positive level reset.
Creating register for signal `$paramod$823999466288c90fc66a121a247ad477cc27bb8d\fifomem.$memwr$\mem$/home/jayanth/librelane/designs/asyncfifo/src/fifomem.sv:22$58_ADDR' using process `$paramod$823999466288c90fc66a121a247ad477cc27bb8d\fifomem.$proc$/home/jayanth/librelane/designs/asyncfifo/src/fifomem.sv:20$59'.
  created $dff cell `$procdff$98' with positive edge clock.
Creating register for signal `$paramod$823999466288c90fc66a121a247ad477cc27bb8d\fifomem.$memwr$\mem$/home/jayanth/librelane/designs/asyncfifo/src/fifomem.sv:22$58_DATA' using process `$paramod$823999466288c90fc66a121a247ad477cc27bb8d\fifomem.$proc$/home/jayanth/librelane/designs/asyncfifo/src/fifomem.sv:20$59'.
  created $dff cell `$procdff$99' with positive edge clock.
Creating register for signal `$paramod$823999466288c90fc66a121a247ad477cc27bb8d\fifomem.$memwr$\mem$/home/jayanth/librelane/designs/asyncfifo/src/fifomem.sv:22$58_EN' using process `$paramod$823999466288c90fc66a121a247ad477cc27bb8d\fifomem.$proc$/home/jayanth/librelane/designs/asyncfifo/src/fifomem.sv:20$59'.
  created $dff cell `$procdff$100' with positive edge clock.
Creating register for signal `$paramod\sync_w2r_ptr\ADDR_WIDTH=s32'00000000000000000000000000000100.\sync_stage1' using process `$paramod\sync_w2r_ptr\ADDR_WIDTH=s32'00000000000000000000000000000100.$proc$/home/jayanth/librelane/designs/asyncfifo/src/sync_w2r_ptr.sv:17$56'.
  created $adff cell `$procdff$105' with positive edge clock and positive level reset.
Creating register for signal `$paramod\sync_w2r_ptr\ADDR_WIDTH=s32'00000000000000000000000000000100.\sync_stage2' using process `$paramod\sync_w2r_ptr\ADDR_WIDTH=s32'00000000000000000000000000000100.$proc$/home/jayanth/librelane/designs/asyncfifo/src/sync_w2r_ptr.sv:17$56'.
  created $adff cell `$procdff$110' with positive edge clock and positive level reset.
Creating register for signal `$paramod\sync_r2w_ptr\ADDR_WIDTH=s32'00000000000000000000000000000100.\sync_stage1' using process `$paramod\sync_r2w_ptr\ADDR_WIDTH=s32'00000000000000000000000000000100.$proc$/home/jayanth/librelane/designs/asyncfifo/src/sync_r2w_ptr.sv:17$54'.
  created $adff cell `$procdff$115' with positive edge clock and positive level reset.
Creating register for signal `$paramod\sync_r2w_ptr\ADDR_WIDTH=s32'00000000000000000000000000000100.\sync_stage2' using process `$paramod\sync_r2w_ptr\ADDR_WIDTH=s32'00000000000000000000000000000100.$proc$/home/jayanth/librelane/designs/asyncfifo/src/sync_r2w_ptr.sv:17$54'.
  created $adff cell `$procdff$120' with positive edge clock and positive level reset.
Creating register for signal `$paramod\wr_ptr_full\ADDR_WIDTH=s32'00000000000000000000000000000100.\full' using process `$paramod\wr_ptr_full\ADDR_WIDTH=s32'00000000000000000000000000000100.$proc$/home/jayanth/librelane/designs/asyncfifo/src/wr_ptr_full.sv:48$52'.
  created $adff cell `$procdff$125' with positive edge clock and positive level reset.
Creating register for signal `$paramod\wr_ptr_full\ADDR_WIDTH=s32'00000000000000000000000000000100.\wr_ptr_bin' using process `$paramod\wr_ptr_full\ADDR_WIDTH=s32'00000000000000000000000000000100.$proc$/home/jayanth/librelane/designs/asyncfifo/src/wr_ptr_full.sv:48$52'.
  created $adff cell `$procdff$130' with positive edge clock and positive level reset.
Creating register for signal `$paramod\wr_ptr_full\ADDR_WIDTH=s32'00000000000000000000000000000100.\wr_ptr_gray' using process `$paramod\wr_ptr_full\ADDR_WIDTH=s32'00000000000000000000000000000100.$proc$/home/jayanth/librelane/designs/asyncfifo/src/wr_ptr_full.sv:48$52'.
  created $adff cell `$procdff$135' with positive edge clock and positive level reset.
Creating register for signal `$paramod\rd_ptr_empty\ADDR_WIDTH=s32'00000000000000000000000000000100.\empty' using process `$paramod\rd_ptr_empty\ADDR_WIDTH=s32'00000000000000000000000000000100.$proc$/home/jayanth/librelane/designs/asyncfifo/src/rd_ptr_empty.sv:26$40'.
  created $adff cell `$procdff$140' with positive edge clock and positive level reset.
Creating register for signal `$paramod\rd_ptr_empty\ADDR_WIDTH=s32'00000000000000000000000000000100.\rd_ptr_bin' using process `$paramod\rd_ptr_empty\ADDR_WIDTH=s32'00000000000000000000000000000100.$proc$/home/jayanth/librelane/designs/asyncfifo/src/rd_ptr_empty.sv:26$40'.
  created $adff cell `$procdff$145' with positive edge clock and positive level reset.
Creating register for signal `$paramod\rd_ptr_empty\ADDR_WIDTH=s32'00000000000000000000000000000100.\rd_ptr_gray' using process `$paramod\rd_ptr_empty\ADDR_WIDTH=s32'00000000000000000000000000000100.$proc$/home/jayanth/librelane/designs/asyncfifo/src/rd_ptr_empty.sv:26$40'.
  created $adff cell `$procdff$150' with positive edge clock and positive level reset.
Creating register for signal `\reset_sync.\sync_ff1' using process `\reset_sync.$proc$/home/jayanth/librelane/designs/asyncfifo/src/reset_sync.sv:35$67'.
  created $adff cell `$procdff$155' with positive edge clock and positive level reset.
Creating register for signal `\reset_sync.\sync_ff2' using process `\reset_sync.$proc$/home/jayanth/librelane/designs/asyncfifo/src/reset_sync.sv:35$67'.
  created $adff cell `$procdff$160' with positive edge clock and positive level reset.

24. Executing PROC_MEMWR pass (convert process memory writes to cells).

25. Executing PROC_CLEAN pass (remove empty switches from decision trees).
Removing empty process `async_fifo.$proc$/home/jayanth/librelane/designs/asyncfifo/src/async_fifo.sv:141$18'.
Removing empty process `async_fifo.$proc$/home/jayanth/librelane/designs/asyncfifo/src/async_fifo.sv:123$10'.
Found and cleaned up 1 empty switch in `$paramod$823999466288c90fc66a121a247ad477cc27bb8d\fifomem.$proc$/home/jayanth/librelane/designs/asyncfifo/src/fifomem.sv:20$59'.
Removing empty process `$paramod$823999466288c90fc66a121a247ad477cc27bb8d\fifomem.$proc$/home/jayanth/librelane/designs/asyncfifo/src/fifomem.sv:20$59'.
Removing empty process `$paramod\sync_w2r_ptr\ADDR_WIDTH=s32'00000000000000000000000000000100.$proc$/home/jayanth/librelane/designs/asyncfifo/src/sync_w2r_ptr.sv:17$56'.
Removing empty process `$paramod\sync_r2w_ptr\ADDR_WIDTH=s32'00000000000000000000000000000100.$proc$/home/jayanth/librelane/designs/asyncfifo/src/sync_r2w_ptr.sv:17$54'.
Removing empty process `$paramod\wr_ptr_full\ADDR_WIDTH=s32'00000000000000000000000000000100.$proc$/home/jayanth/librelane/designs/asyncfifo/src/wr_ptr_full.sv:48$52'.
Removing empty process `$paramod\rd_ptr_empty\ADDR_WIDTH=s32'00000000000000000000000000000100.$proc$/home/jayanth/librelane/designs/asyncfifo/src/rd_ptr_empty.sv:26$40'.
Removing empty process `$paramod\gray_to_bin\ADDR_WIDTH=s32'00000000000000000000000000000100.$proc$/home/jayanth/librelane/designs/asyncfifo/src/gray_to_bin.sv:14$21'.
Removing empty process `reset_sync.$proc$/home/jayanth/librelane/designs/asyncfifo/src/reset_sync.sv:35$67'.
Cleaned up 1 empty switch.

26. Executing CHECK pass (checking for obvious problems).
Checking module async_fifo...
Checking module $paramod$823999466288c90fc66a121a247ad477cc27bb8d\fifomem...
Checking module $paramod\sync_w2r_ptr\ADDR_WIDTH=s32'00000000000000000000000000000100...
Checking module $paramod\sync_r2w_ptr\ADDR_WIDTH=s32'00000000000000000000000000000100...
Checking module $paramod\wr_ptr_full\ADDR_WIDTH=s32'00000000000000000000000000000100...
Checking module $paramod\rd_ptr_empty\ADDR_WIDTH=s32'00000000000000000000000000000100...
Checking module $paramod\gray_to_bin\ADDR_WIDTH=s32'00000000000000000000000000000100...
Checking module reset_sync...
Found and reported 0 problems.

27. Executing OPT_EXPR pass (perform const folding).
Optimizing module async_fifo.
<suppressed ~8 debug messages>
Optimizing module $paramod$823999466288c90fc66a121a247ad477cc27bb8d\fifomem.
Optimizing module $paramod\sync_w2r_ptr\ADDR_WIDTH=s32'00000000000000000000000000000100.
<suppressed ~4 debug messages>
Optimizing module $paramod\sync_r2w_ptr\ADDR_WIDTH=s32'00000000000000000000000000000100.
<suppressed ~4 debug messages>
Optimizing module $paramod\wr_ptr_full\ADDR_WIDTH=s32'00000000000000000000000000000100.
<suppressed ~7 debug messages>
Optimizing module $paramod\rd_ptr_empty\ADDR_WIDTH=s32'00000000000000000000000000000100.
<suppressed ~7 debug messages>
Optimizing module $paramod\gray_to_bin\ADDR_WIDTH=s32'00000000000000000000000000000100.
<suppressed ~5 debug messages>
Optimizing module reset_sync.
<suppressed ~4 debug messages>

28. Executing FLATTEN pass (flatten design).
Deleting now unused module $paramod$823999466288c90fc66a121a247ad477cc27bb8d\fifomem.
Deleting now unused module $paramod\sync_w2r_ptr\ADDR_WIDTH=s32'00000000000000000000000000000100.
Deleting now unused module $paramod\sync_r2w_ptr\ADDR_WIDTH=s32'00000000000000000000000000000100.
Deleting now unused module $paramod\wr_ptr_full\ADDR_WIDTH=s32'00000000000000000000000000000100.
Deleting now unused module $paramod\rd_ptr_empty\ADDR_WIDTH=s32'00000000000000000000000000000100.
Deleting now unused module $paramod\gray_to_bin\ADDR_WIDTH=s32'00000000000000000000000000000100.
Deleting now unused module reset_sync.
<suppressed ~9 debug messages>

29. Executing OPT_EXPR pass (perform const folding).
Optimizing module async_fifo.

30. Executing OPT_CLEAN pass (remove unused cells and wires).
Finding unused cells or wires in module \async_fifo..
Removed 29 unused cells and 118 unused wires.
<suppressed ~34 debug messages>

31. Executing OPT_EXPR pass (perform const folding).
Optimizing module async_fifo.

32. Executing OPT_MERGE pass (detect identical cells).
Finding identical cells in module `\async_fifo'.
Computing hashes of 67 cells of `\async_fifo'.
Finding duplicate cells in `\async_fifo'.
Computing hashes of 65 cells of `\async_fifo'.
Finding duplicate cells in `\async_fifo'.
Computing hashes of 63 cells of `\async_fifo'.
Finding duplicate cells in `\async_fifo'.
Computing hashes of 61 cells of `\async_fifo'.
Finding duplicate cells in `\async_fifo'.
<suppressed ~18 debug messages>
Removed a total of 6 cells.

33. Executing OPT_MUXTREE pass (detect dead branches in mux trees).
Running muxtree optimizer on module \async_fifo..
  Creating internal representation of mux trees.
  Evaluating internal representation of mux trees.
  Analyzing evaluation results.
Removed 0 multiplexer ports.
<suppressed ~6 debug messages>

34. Executing OPT_REDUCE pass (consolidate $*mux and $reduce_* inputs).
  Optimizing cells in module \async_fifo.
    Consolidated identical input bits for $mux cell $flatten\u_fifomem.$procmux$70:
      Old ports: A=8'00000000, B=8'11111111, Y=$flatten\u_fifomem.$0$memwr$\mem$/home/jayanth/librelane/designs/asyncfifo/src/fifomem.sv:22$58_EN[7:0]$62
      New ports: A=1'0, B=1'1, Y=$flatten\u_fifomem.$0$memwr$\mem$/home/jayanth/librelane/designs/asyncfifo/src/fifomem.sv:22$58_EN[7:0]$62 [0]
      New connections: $flatten\u_fifomem.$0$memwr$\mem$/home/jayanth/librelane/designs/asyncfifo/src/fifomem.sv:22$58_EN[7:0]$62 [7:1] = { $flatten\u_fifomem.$0$memwr$\mem$/home/jayanth/librelane/designs/asyncfifo/src/fifomem.sv:22$58_EN[7:0]$62 [0] $flatten\u_fifomem.$0$memwr$\mem$/home/jayanth/librelane/designs/asyncfifo/src/fifomem.sv:22$58_EN[7:0]$62 [0] $flatten\u_fifomem.$0$memwr$\mem$/home/jayanth/librelane/designs/asyncfifo/src/fifomem.sv:22$58_EN[7:0]$62 [0] $flatten\u_fifomem.$0$memwr$\mem$/home/jayanth/librelane/designs/asyncfifo/src/fifomem.sv:22$58_EN[7:0]$62 [0] $flatten\u_fifomem.$0$memwr$\mem$/home/jayanth/librelane/designs/asyncfifo/src/fifomem.sv:22$58_EN[7:0]$62 [0] $flatten\u_fifomem.$0$memwr$\mem$/home/jayanth/librelane/designs/asyncfifo/src/fifomem.sv:22$58_EN[7:0]$62 [0] $flatten\u_fifomem.$0$memwr$\mem$/home/jayanth/librelane/designs/asyncfifo/src/fifomem.sv:22$58_EN[7:0]$62 [0] }
  Optimizing cells in module \async_fifo.
Performed a total of 1 changes.

35. Executing OPT_MERGE pass (detect identical cells).
Finding identical cells in module `\async_fifo'.
Computing hashes of 61 cells of `\async_fifo'.
Finding duplicate cells in `\async_fifo'.
Removed a total of 0 cells.

36. Executing OPT_DFF pass (perform DFF optimizations).

37. Executing OPT_CLEAN pass (remove unused cells and wires).
Finding unused cells or wires in module \async_fifo..
Removed 0 unused cells and 4 unused wires.
<suppressed ~1 debug messages>

38. Executing OPT_EXPR pass (perform const folding).
Optimizing module async_fifo.

39. Rerunning OPT passes. (Maybe there is more to do…)

40. Executing OPT_MUXTREE pass (detect dead branches in mux trees).
Running muxtree optimizer on module \async_fifo..
  Creating internal representation of mux trees.
  Evaluating internal representation of mux trees.
  Analyzing evaluation results.
Removed 0 multiplexer ports.
<suppressed ~6 debug messages>

41. Executing OPT_REDUCE pass (consolidate $*mux and $reduce_* inputs).
  Optimizing cells in module \async_fifo.
Performed a total of 0 changes.

42. Executing OPT_MERGE pass (detect identical cells).
Finding identical cells in module `\async_fifo'.
Computing hashes of 61 cells of `\async_fifo'.
Finding duplicate cells in `\async_fifo'.
Removed a total of 0 cells.

43. Executing OPT_DFF pass (perform DFF optimizations).

44. Executing OPT_CLEAN pass (remove unused cells and wires).
Finding unused cells or wires in module \async_fifo..

45. Executing OPT_EXPR pass (perform const folding).
Optimizing module async_fifo.

46. Executing FSM pass (extract and optimize FSM).

46.1. Executing FSM_DETECT pass (finding FSMs in design).

46.2. Executing FSM_EXTRACT pass (extracting FSM from design).

46.3. Executing FSM_OPT pass (simple optimizations of FSMs).

46.4. Executing OPT_CLEAN pass (remove unused cells and wires).
Finding unused cells or wires in module \async_fifo..

46.5. Executing FSM_OPT pass (simple optimizations of FSMs).

46.6. Executing FSM_RECODE pass (re-assigning FSM state encoding).

46.7. Executing FSM_INFO pass (dumping all available information on FSM cells).

46.8. Executing FSM_MAP pass (mapping FSMs to basic logic).

47. Executing OPT_EXPR pass (perform const folding).
Optimizing module async_fifo.

48. Executing OPT_MERGE pass (detect identical cells).
Finding identical cells in module `\async_fifo'.
Computing hashes of 61 cells of `\async_fifo'.
Finding duplicate cells in `\async_fifo'.
Removed a total of 0 cells.

49. Executing OPT_MUXTREE pass (detect dead branches in mux trees).
Running muxtree optimizer on module \async_fifo..
  Creating internal representation of mux trees.
  Evaluating internal representation of mux trees.
  Analyzing evaluation results.
Removed 0 multiplexer ports.
<suppressed ~6 debug messages>

50. Executing OPT_REDUCE pass (consolidate $*mux and $reduce_* inputs).
  Optimizing cells in module \async_fifo.
Performed a total of 0 changes.

51. Executing OPT_MERGE pass (detect identical cells).
Finding identical cells in module `\async_fifo'.
Computing hashes of 61 cells of `\async_fifo'.
Finding duplicate cells in `\async_fifo'.
Removed a total of 0 cells.

52. Executing OPT_DFF pass (perform DFF optimizations).

53. Executing OPT_CLEAN pass (remove unused cells and wires).
Finding unused cells or wires in module \async_fifo..

54. Executing OPT_EXPR pass (perform const folding).
Optimizing module async_fifo.

55. Executing WREDUCE pass (reducing word size of cells).
Removed top 1 bits (of 5) from port A of cell async_fifo.$flatten\u_wr_ptr_full.$xor$/home/jayanth/librelane/designs/asyncfifo/src/wr_ptr_full.sv:43$47 ($xor).
Removed top 4 bits (of 5) from port A of cell async_fifo.$flatten\u_wr_ptr_full.$not$/home/jayanth/librelane/designs/asyncfifo/src/wr_ptr_full.sv:42$43 ($not).
Removed top 1 bits (of 5) from port A of cell async_fifo.$flatten\u_rd_ptr_empty.$xor$/home/jayanth/librelane/designs/asyncfifo/src/rd_ptr_empty.sv:22$38 ($xor).
Removed top 4 bits (of 5) from port A of cell async_fifo.$flatten\u_rd_ptr_empty.$not$/home/jayanth/librelane/designs/asyncfifo/src/rd_ptr_empty.sv:21$34 ($not).

56. Executing PEEPOPT pass (run peephole optimizers).

57. Executing OPT_CLEAN pass (remove unused cells and wires).
Finding unused cells or wires in module \async_fifo..

58. Executing ALUMACC pass (create $alu and $macc cells).
Extracting $alu and $macc cells in module async_fifo:
  creating $macc model for $flatten\u_rd_ptr_empty.$add$/home/jayanth/librelane/designs/asyncfifo/src/rd_ptr_empty.sv:21$36 ($add).
  creating $macc model for $flatten\u_wr_ptr_full.$add$/home/jayanth/librelane/designs/asyncfifo/src/wr_ptr_full.sv:42$45 ($add).
  creating $macc model for $sub$/home/jayanth/librelane/designs/asyncfifo/src/async_fifo.sv:121$9 ($sub).
  creating $macc model for $sub$/home/jayanth/librelane/designs/asyncfifo/src/async_fifo.sv:139$17 ($sub).
  creating $alu model for $macc $sub$/home/jayanth/librelane/designs/asyncfifo/src/async_fifo.sv:139$17.
  creating $alu model for $macc $sub$/home/jayanth/librelane/designs/asyncfifo/src/async_fifo.sv:121$9.
  creating $alu model for $macc $flatten\u_wr_ptr_full.$add$/home/jayanth/librelane/designs/asyncfifo/src/wr_ptr_full.sv:42$45.
  creating $alu model for $macc $flatten\u_rd_ptr_empty.$add$/home/jayanth/librelane/designs/asyncfifo/src/rd_ptr_empty.sv:21$36.
  creating $alu model for $ge$/home/jayanth/librelane/designs/asyncfifo/src/async_fifo.sv:129$12 ($ge): new $alu
  creating $alu model for $le$/home/jayanth/librelane/designs/asyncfifo/src/async_fifo.sv:147$20 ($le): new $alu
  creating $alu cell for $le$/home/jayanth/librelane/designs/asyncfifo/src/async_fifo.sv:147$20: $auto$alumacc.cc:512:replace_alu$173
  creating $alu cell for $ge$/home/jayanth/librelane/designs/asyncfifo/src/async_fifo.sv:129$12: $auto$alumacc.cc:512:replace_alu$182
  creating $alu cell for $flatten\u_rd_ptr_empty.$add$/home/jayanth/librelane/designs/asyncfifo/src/rd_ptr_empty.sv:21$36: $auto$alumacc.cc:512:replace_alu$195
  creating $alu cell for $flatten\u_wr_ptr_full.$add$/home/jayanth/librelane/designs/asyncfifo/src/wr_ptr_full.sv:42$45: $auto$alumacc.cc:512:replace_alu$198
  creating $alu cell for $sub$/home/jayanth/librelane/designs/asyncfifo/src/async_fifo.sv:121$9: $auto$alumacc.cc:512:replace_alu$201
  creating $alu cell for $sub$/home/jayanth/librelane/designs/asyncfifo/src/async_fifo.sv:139$17: $auto$alumacc.cc:512:replace_alu$204
  created 6 $alu and 0 $macc cells.

59. Executing SHARE pass (SAT-based resource sharing).

60. Executing OPT_EXPR pass (perform const folding).
Optimizing module async_fifo.

61. Executing OPT_MERGE pass (detect identical cells).
Finding identical cells in module `\async_fifo'.
Computing hashes of 69 cells of `\async_fifo'.
Finding duplicate cells in `\async_fifo'.
Removed a total of 0 cells.

62. Executing OPT_MUXTREE pass (detect dead branches in mux trees).
Running muxtree optimizer on module \async_fifo..
  Creating internal representation of mux trees.
  Evaluating internal representation of mux trees.
  Analyzing evaluation results.
Removed 0 multiplexer ports.
<suppressed ~6 debug messages>

63. Executing OPT_REDUCE pass (consolidate $*mux and $reduce_* inputs).
  Optimizing cells in module \async_fifo.
Performed a total of 0 changes.

64. Executing OPT_MERGE pass (detect identical cells).
Finding identical cells in module `\async_fifo'.
Computing hashes of 69 cells of `\async_fifo'.
Finding duplicate cells in `\async_fifo'.
Removed a total of 0 cells.

65. Executing OPT_DFF pass (perform DFF optimizations).

66. Executing OPT_CLEAN pass (remove unused cells and wires).
Finding unused cells or wires in module \async_fifo..
Removed 0 unused cells and 2 unused wires.
<suppressed ~1 debug messages>

67. Executing OPT_EXPR pass (perform const folding).
Optimizing module async_fifo.

68. Rerunning OPT passes. (Maybe there is more to do…)

69. Executing OPT_MUXTREE pass (detect dead branches in mux trees).
Running muxtree optimizer on module \async_fifo..
  Creating internal representation of mux trees.
  Evaluating internal representation of mux trees.
  Analyzing evaluation results.
Removed 0 multiplexer ports.
<suppressed ~6 debug messages>

70. Executing OPT_REDUCE pass (consolidate $*mux and $reduce_* inputs).
  Optimizing cells in module \async_fifo.
Performed a total of 0 changes.

71. Executing OPT_MERGE pass (detect identical cells).
Finding identical cells in module `\async_fifo'.
Computing hashes of 69 cells of `\async_fifo'.
Finding duplicate cells in `\async_fifo'.
Removed a total of 0 cells.

72. Executing OPT_DFF pass (perform DFF optimizations).

73. Executing OPT_CLEAN pass (remove unused cells and wires).
Finding unused cells or wires in module \async_fifo..

74. Executing OPT_EXPR pass (perform const folding).
Optimizing module async_fifo.

75. Executing MEMORY pass.

75.1. Executing OPT_MEM pass (optimize memories).
Performed a total of 0 transformations.

75.2. Executing OPT_MEM_PRIORITY pass (removing unnecessary memory write priority relations).
Performed a total of 0 transformations.

75.3. Executing OPT_MEM_FEEDBACK pass (finding memory read-to-write feedback paths).
  Analyzing async_fifo.u_fifomem.mem write port 0.

75.4. Executing MEMORY_BMUX2ROM pass (converting muxes to ROMs).

75.5. Executing MEMORY_DFF pass (merging $dff cells to $memrd).
Checking read port `\u_fifomem.mem'[0] in module `\async_fifo': no output FF found.
Checking read port address `\u_fifomem.mem'[0] in module `\async_fifo': address FF has async set and/or reset, not supported.

75.6. Executing OPT_CLEAN pass (remove unused cells and wires).
Finding unused cells or wires in module \async_fifo..

75.7. Executing MEMORY_SHARE pass (consolidating $memrd/$memwr cells).

75.8. Executing OPT_MEM_WIDEN pass (optimize memories where all ports are wide).
Performed a total of 0 transformations.

75.9. Executing OPT_CLEAN pass (remove unused cells and wires).
Finding unused cells or wires in module \async_fifo..

75.10. Executing MEMORY_COLLECT pass (generating $mem cells).

76. Executing OPT_CLEAN pass (remove unused cells and wires).
Finding unused cells or wires in module \async_fifo..

77. Executing OPT_EXPR pass (perform const folding).
Optimizing module async_fifo.
<suppressed ~41 debug messages>

78. Executing OPT_MERGE pass (detect identical cells).
Finding identical cells in module `\async_fifo'.
Computing hashes of 65 cells of `\async_fifo'.
Finding duplicate cells in `\async_fifo'.
Computing hashes of 64 cells of `\async_fifo'.
Finding duplicate cells in `\async_fifo'.
Computing hashes of 63 cells of `\async_fifo'.
Finding duplicate cells in `\async_fifo'.
<suppressed ~6 debug messages>
Removed a total of 2 cells.

79. Executing OPT_DFF pass (perform DFF optimizations).

80. Executing OPT_CLEAN pass (remove unused cells and wires).
Finding unused cells or wires in module \async_fifo..
Removed 0 unused cells and 17 unused wires.
<suppressed ~1 debug messages>

81. Executing MEMORY_MAP pass (converting memories to logic and flip-flops).
Mapping memory \u_fifomem.mem in module \async_fifo:
  created 16 $dff cells and 0 static cells of width 8.
  read interface: 0 $dff and 15 $mux cells.
  write interface: 16 write mux blocks.

82. Executing OPT_EXPR pass (perform const folding).
Optimizing module async_fifo.
<suppressed ~8 debug messages>

83. Executing OPT_MERGE pass (detect identical cells).
Finding identical cells in module `\async_fifo'.
Computing hashes of 153 cells of `\async_fifo'.
Finding duplicate cells in `\async_fifo'.
Removed a total of 0 cells.

84. Executing OPT_MUXTREE pass (detect dead branches in mux trees).
Running muxtree optimizer on module \async_fifo..
  Creating internal representation of mux trees.
  Evaluating internal representation of mux trees.
  Analyzing evaluation results.
Removed 0 multiplexer ports.
<suppressed ~48 debug messages>

85. Executing OPT_REDUCE pass (consolidate $*mux and $reduce_* inputs).
  Optimizing cells in module \async_fifo.
Performed a total of 0 changes.

86. Executing OPT_MERGE pass (detect identical cells).
Finding identical cells in module `\async_fifo'.
Computing hashes of 153 cells of `\async_fifo'.
Finding duplicate cells in `\async_fifo'.
Removed a total of 0 cells.

87. Executing OPT_SHARE pass.

88. Executing OPT_DFF pass (perform DFF optimizations).

89. Executing OPT_CLEAN pass (remove unused cells and wires).
Finding unused cells or wires in module \async_fifo..
Removed 0 unused cells and 36 unused wires.
<suppressed ~1 debug messages>

90. Executing OPT_EXPR pass (perform const folding).
Optimizing module async_fifo.

91. Rerunning OPT passes. (Maybe there is more to do…)

92. Executing OPT_MUXTREE pass (detect dead branches in mux trees).
Running muxtree optimizer on module \async_fifo..
  Creating internal representation of mux trees.
  Evaluating internal representation of mux trees.
  Analyzing evaluation results.
Removed 0 multiplexer ports.
<suppressed ~48 debug messages>

93. Executing OPT_REDUCE pass (consolidate $*mux and $reduce_* inputs).
  Optimizing cells in module \async_fifo.
Performed a total of 0 changes.

94. Executing OPT_MERGE pass (detect identical cells).
Finding identical cells in module `\async_fifo'.
Computing hashes of 153 cells of `\async_fifo'.
Finding duplicate cells in `\async_fifo'.
Removed a total of 0 cells.

95. Executing OPT_SHARE pass.

96. Executing OPT_DFF pass (perform DFF optimizations).
Adding EN signal on $memory\u_fifomem.mem[9]$249 ($dff) from module async_fifo (D = \wr_data, Q = \u_fifomem.mem[9]).
Adding EN signal on $memory\u_fifomem.mem[8]$247 ($dff) from module async_fifo (D = \wr_data, Q = \u_fifomem.mem[8]).
Adding EN signal on $memory\u_fifomem.mem[7]$245 ($dff) from module async_fifo (D = \wr_data, Q = \u_fifomem.mem[7]).
Adding EN signal on $memory\u_fifomem.mem[6]$243 ($dff) from module async_fifo (D = \wr_data, Q = \u_fifomem.mem[6]).
Adding EN signal on $memory\u_fifomem.mem[5]$241 ($dff) from module async_fifo (D = \wr_data, Q = \u_fifomem.mem[5]).
Adding EN signal on $memory\u_fifomem.mem[4]$239 ($dff) from module async_fifo (D = \wr_data, Q = \u_fifomem.mem[4]).
Adding EN signal on $memory\u_fifomem.mem[3]$237 ($dff) from module async_fifo (D = \wr_data, Q = \u_fifomem.mem[3]).
Adding EN signal on $memory\u_fifomem.mem[2]$235 ($dff) from module async_fifo (D = \wr_data, Q = \u_fifomem.mem[2]).
Adding EN signal on $memory\u_fifomem.mem[1]$233 ($dff) from module async_fifo (D = \wr_data, Q = \u_fifomem.mem[1]).
Adding EN signal on $memory\u_fifomem.mem[15]$261 ($dff) from module async_fifo (D = \wr_data, Q = \u_fifomem.mem[15]).
Adding EN signal on $memory\u_fifomem.mem[14]$259 ($dff) from module async_fifo (D = \wr_data, Q = \u_fifomem.mem[14]).
Adding EN signal on $memory\u_fifomem.mem[13]$257 ($dff) from module async_fifo (D = \wr_data, Q = \u_fifomem.mem[13]).
Adding EN signal on $memory\u_fifomem.mem[12]$255 ($dff) from module async_fifo (D = \wr_data, Q = \u_fifomem.mem[12]).
Adding EN signal on $memory\u_fifomem.mem[11]$253 ($dff) from module async_fifo (D = \wr_data, Q = \u_fifomem.mem[11]).
Adding EN signal on $memory\u_fifomem.mem[10]$251 ($dff) from module async_fifo (D = \wr_data, Q = \u_fifomem.mem[10]).
Adding EN signal on $memory\u_fifomem.mem[0]$231 ($dff) from module async_fifo (D = \wr_data, Q = \u_fifomem.mem[0]).

97. Executing OPT_CLEAN pass (remove unused cells and wires).
Finding unused cells or wires in module \async_fifo..
Removed 16 unused cells and 16 unused wires.
<suppressed ~17 debug messages>

98. Executing OPT_EXPR pass (perform const folding).
Optimizing module async_fifo.

99. Rerunning OPT passes. (Maybe there is more to do…)

100. Executing OPT_MUXTREE pass (detect dead branches in mux trees).
Running muxtree optimizer on module \async_fifo..
  Creating internal representation of mux trees.
  Evaluating internal representation of mux trees.
  Analyzing evaluation results.
Removed 0 multiplexer ports.
<suppressed ~16 debug messages>

101. Executing OPT_REDUCE pass (consolidate $*mux and $reduce_* inputs).
  Optimizing cells in module \async_fifo.
Performed a total of 0 changes.

102. Executing OPT_MERGE pass (detect identical cells).
Finding identical cells in module `\async_fifo'.
Computing hashes of 137 cells of `\async_fifo'.
Finding duplicate cells in `\async_fifo'.
Removed a total of 0 cells.

103. Executing OPT_SHARE pass.

104. Executing OPT_DFF pass (perform DFF optimizations).

105. Executing OPT_CLEAN pass (remove unused cells and wires).
Finding unused cells or wires in module \async_fifo..

106. Executing OPT_EXPR pass (perform const folding).
Optimizing module async_fifo.

107. Executing TECHMAP pass (map to technology primitives).

107.1. Executing Verilog-2005 frontend: /nix/store/f1q0w7rd0a4ny4hqvfxlhs4cmariidcy-yosys-0.62/bin/../share/yosys/techmap.v
Parsing Verilog input from `/nix/store/f1q0w7rd0a4ny4hqvfxlhs4cmariidcy-yosys-0.62/bin/../share/yosys/techmap.v' to AST representation.
Generating RTLIL representation for module `\_90_simplemap_bool_ops'.
Generating RTLIL representation for module `\_90_simplemap_reduce_ops'.
Generating RTLIL representation for module `\_90_simplemap_logic_ops'.
Generating RTLIL representation for module `\_90_simplemap_compare_ops'.
Generating RTLIL representation for module `\_90_simplemap_various'.
Generating RTLIL representation for module `\_90_simplemap_registers'.
Generating RTLIL representation for module `\_90_shift_ops_shr_shl_sshl_sshr'.
Generating RTLIL representation for module `\_90_shift_shiftx'.
Generating RTLIL representation for module `\_90_fa'.
Generating RTLIL representation for module `\_90_lcu_brent_kung'.
Generating RTLIL representation for module `\_90_alu'.
Generating RTLIL representation for module `\_90_macc'.
Generating RTLIL representation for module `\_90_alumacc'.
Generating RTLIL representation for module `$__div_mod_u'.
Generating RTLIL representation for module `$__div_mod_trunc'.
Generating RTLIL representation for module `\_90_div'.
Generating RTLIL representation for module `\_90_mod'.
Generating RTLIL representation for module `$__div_mod_floor'.
Generating RTLIL representation for module `\_90_divfloor'.
Generating RTLIL representation for module `\_90_modfloor'.
Generating RTLIL representation for module `\_90_pow'.
Generating RTLIL representation for module `\_90_pmux'.
Generating RTLIL representation for module `\_90_demux'.
Generating RTLIL representation for module `\_90_lut'.
Generating RTLIL representation for module `$connect'.
Generating RTLIL representation for module `$input_port'.
Successfully finished Verilog frontend.

107.2. Continuing TECHMAP pass.
Using extmapper simplemap for cells of type $dffe.
Using extmapper simplemap for cells of type $and.
Using extmapper simplemap for cells of type $not.
Using extmapper simplemap for cells of type $xor.
Using template $paramod$b18e16801adf491a64caa0542270798e5d4ac6b6\_90_alu for cells of type $alu.
Using extmapper simplemap for cells of type $reduce_or.
Using extmapper simplemap for cells of type $or.
Using extmapper simplemap for cells of type $reduce_and.
Using template $paramod$dad13a281fa6a9ffd6dd427a87dc9a952e80e9ea\_90_alu for cells of type $alu.
Using extmapper simplemap for cells of type $adff.
Using extmapper simplemap for cells of type $mux.
Using extmapper simplemap for cells of type $logic_and.
Using extmapper simplemap for cells of type $eq.
Using extmapper simplemap for cells of type $reduce_xor.
Using extmapper simplemap for cells of type $pos.
Using template $paramod\_90_fa\WIDTH=32'00000000000000000000000000000101 for cells of type $fa.
Using template $paramod\_90_lcu_brent_kung\WIDTH=32'00000000000000000000000000000101 for cells of type $lcu.
No more expansions possible.
<suppressed ~516 debug messages>

108. Executing OPT_EXPR pass (perform const folding).
Optimizing module async_fifo.
<suppressed ~194 debug messages>

109. Executing OPT_MERGE pass (detect identical cells).
Finding identical cells in module `\async_fifo'.
Computing hashes of 582 cells of `\async_fifo'.
Finding duplicate cells in `\async_fifo'.
Computing hashes of 568 cells of `\async_fifo'.
Finding duplicate cells in `\async_fifo'.
Computing hashes of 567 cells of `\async_fifo'.
Finding duplicate cells in `\async_fifo'.
<suppressed ~45 debug messages>
Removed a total of 15 cells.

110. Executing OPT_DFF pass (perform DFF optimizations).

111. Executing OPT_CLEAN pass (remove unused cells and wires).
Finding unused cells or wires in module \async_fifo..
Removed 28 unused cells and 290 unused wires.
<suppressed ~29 debug messages>

112. Executing OPT_EXPR pass (perform const folding).
Optimizing module async_fifo.

113. Executing OPT_MERGE pass (detect identical cells).
Finding identical cells in module `\async_fifo'.
Computing hashes of 539 cells of `\async_fifo'.
Finding duplicate cells in `\async_fifo'.
Removed a total of 0 cells.

114. Executing OPT_DFF pass (perform DFF optimizations).

115. Executing OPT_CLEAN pass (remove unused cells and wires).
Finding unused cells or wires in module \async_fifo..

116. Executing ABC pass (technology mapping using ABC).

116.1. Extracting gate netlist of module `\async_fifo' to `<abc-temp-dir>/input.blif'..

116.1.1. Executed ABC.
Extracted 348 gates and 508 wires to a netlist network with 160 inputs and 46 outputs.
Running ABC script: <abc-temp-dir>/abc.script
ABC: ======== ABC command line "source <abc-temp-dir>/abc.script"
ABC: + read_blif <abc-temp-dir>/input.blif 
ABC: + read_library /tmp/yosys-abc-hN6tQi/stdcells.genlib 
ABC: + strash 
ABC: + dretime 
ABC: + map 
ABC: + write_blif <abc-temp-dir>/output.blif 

116.1.2. Re-integrating ABC results.
ABC RESULTS:               AND cells:        5
ABC RESULTS:            ANDNOT cells:       62
ABC RESULTS:               MUX cells:      120
ABC RESULTS:              NAND cells:        7
ABC RESULTS:               NOR cells:        2
ABC RESULTS:               NOT cells:       20
ABC RESULTS:                OR cells:       36
ABC RESULTS:             ORNOT cells:        6
ABC RESULTS:              XNOR cells:       23
ABC RESULTS:               XOR cells:       46
ABC RESULTS:        internal signals:      302
ABC RESULTS:           input signals:      160
ABC RESULTS:          output signals:       46
Removing temp directory.
Removing global temp directory.

117. Executing OPT pass (performing simple optimizations).

117.1. Executing OPT_EXPR pass (perform const folding).
Optimizing module async_fifo.
<suppressed ~56 debug messages>

117.2. Executing OPT_MERGE pass (detect identical cells).
Finding identical cells in module `\async_fifo'.
Computing hashes of 518 cells of `\async_fifo'.
Finding duplicate cells in `\async_fifo'.
Computing hashes of 517 cells of `\async_fifo'.
Finding duplicate cells in `\async_fifo'.
<suppressed ~3 debug messages>
Removed a total of 1 cells.

117.3. Executing OPT_DFF pass (perform DFF optimizations).

117.4. Executing OPT_CLEAN pass (remove unused cells and wires).
Finding unused cells or wires in module \async_fifo..
Removed 0 unused cells and 327 unused wires.
<suppressed ~5 debug messages>

117.5. Finished fast OPT passes.

118. Executing HIERARCHY pass (managing design hierarchy).

118.1. Analyzing design hierarchy..
Top module:  \async_fifo

118.2. Analyzing design hierarchy..
Top module:  \async_fifo
Removed 0 unused modules.

119. Executing CHECK pass (checking for obvious problems).
Checking module async_fifo...
Found and reported 0 problems.

120. Printing statistics.

=== async_fifo ===

        +----------Local Count, excluding submodules.
        | 
      393 wires
      679 wire bits
       95 public wires
      381 public wire bits
       14 ports
       34 port bits
      517 cells
       62   $_ANDNOT_
        5   $_AND_
      128   $_DFFE_PP_
       52   $_DFF_PN0_
        2   $_DFF_PN1_
      120   $_MUX_
        7   $_NAND_
        2   $_NOR_
       20   $_NOT_
        6   $_ORNOT_
       36   $_OR_
       23   $_XNOR_
       45   $_XOR_
        9   $scopeinfo

121. Executing OPT pass (performing simple optimizations).

121.1. Executing OPT_EXPR pass (perform const folding).
Optimizing module async_fifo.

121.2. Executing OPT_MERGE pass (detect identical cells).
Finding identical cells in module `\async_fifo'.
Computing hashes of 517 cells of `\async_fifo'.
Finding duplicate cells in `\async_fifo'.
Removed a total of 0 cells.

121.3. Executing OPT_MUXTREE pass (detect dead branches in mux trees).
Running muxtree optimizer on module \async_fifo..
  Creating internal representation of mux trees.
  No muxes found in this module.
Removed 0 multiplexer ports.

121.4. Executing OPT_REDUCE pass (consolidate $*mux and $reduce_* inputs).
  Optimizing cells in module \async_fifo.
Performed a total of 0 changes.

121.5. Executing OPT_MERGE pass (detect identical cells).
Finding identical cells in module `\async_fifo'.
Computing hashes of 517 cells of `\async_fifo'.
Finding duplicate cells in `\async_fifo'.
Removed a total of 0 cells.

121.6. Executing OPT_DFF pass (perform DFF optimizations).

121.7. Executing OPT_CLEAN pass (remove unused cells and wires).
Finding unused cells or wires in module \async_fifo..

121.8. Executing OPT_EXPR pass (perform const folding).
Optimizing module async_fifo.

121.9. Finished fast OPT passes. (There is nothing left to do.)

122. Executing OPT_CLEAN pass (remove unused cells and wires).
Finding unused cells or wires in module \async_fifo..
Removed 9 unused cells and 45 unused wires.
<suppressed ~54 debug messages>
{
   "creator": "Yosys 0.62 (git sha1 7326bb7d6641500ecb285c291a54a662cb1e76cf, clang++ 21.1.2 -fPIC -O3)",
   "invocation": "stat -json -liberty /home/jayanth/librelane/designs/asyncfifo/runs/RUN_2026-08-28_15-45-35/tmp/9199cde9320d4c3d934b975eb7373314.lib ",
   "modules": {
      "\\async_fifo": {
         "num_wires":         348,
         "num_wire_bits":     533,
         "num_pub_wires":     50,
         "num_pub_wire_bits": 235,
         "num_ports":         14,
         "num_port_bits":     34,
         "num_memories":      0,
         "num_memory_bits":   0,
         "num_processes":     0,
         "num_cells":         508,
         "num_submodules":       0,
         "num_cells_by_type": {
            "$_ANDNOT_": 62,
            "$_AND_": 5,
            "$_DFFE_PP_": 128,
            "$_DFF_PN0_": 52,
            "$_DFF_PN1_": 2,
            "$_MUX_": 120,
            "$_NAND_": 7,
            "$_NOR_": 2,
            "$_NOT_": 20,
            "$_ORNOT_": 6,
            "$_OR_": 36,
            "$_XNOR_": 23,
            "$_XOR_": 45
         }
      }
   },
      "design": {
         "num_wires":         348,
         "num_wire_bits":     533,
         "num_pub_wires":     50,
         "num_pub_wire_bits": 235,
         "num_ports":         14,
         "num_port_bits":     34,
         "num_memories":      0,
         "num_memory_bits":   0,
         "num_processes":     0,
         "num_cells":         508,
         "num_submodules":       0,
         "num_cells_by_type": {
            "$_ANDNOT_": 62,
            "$_AND_": 5,
            "$_DFFE_PP_": 128,
            "$_DFF_PN0_": 52,
            "$_DFF_PN1_": 2,
            "$_MUX_": 120,
            "$_NAND_": 7,
            "$_NOR_": 2,
            "$_NOT_": 20,
            "$_ORNOT_": 6,
            "$_OR_": 36,
            "$_XNOR_": 23,
            "$_XOR_": 45
         }
      }
}

123. Printing statistics.

=== async_fifo ===

        +----------Local Count, excluding submodules.
        | 
      348 wires
      533 wire bits
       50 public wires
      235 public wire bits
       14 ports
       34 port bits
      508 cells
       62   $_ANDNOT_
        5   $_AND_
      128   $_DFFE_PP_
       52   $_DFF_PN0_
        2   $_DFF_PN1_
      120   $_MUX_
        7   $_NAND_
        2   $_NOR_
       20   $_NOT_
        6   $_ORNOT_
       36   $_OR_
       23   $_XNOR_
       45   $_XOR_

   Area for cell type $_ANDNOT_ is unknown!
   Area for cell type $_AND_ is unknown!
   Area for cell type $_DFFE_PP_ is unknown!
   Area for cell type $_DFF_PN0_ is unknown!
   Area for cell type $_DFF_PN1_ is unknown!
   Area for cell type $_MUX_ is unknown!
   Area for cell type $_NAND_ is unknown!
   Area for cell type $_NOR_ is unknown!
   Area for cell type $_NOT_ is unknown!
   Area for cell type $_ORNOT_ is unknown!
   Area for cell type $_OR_ is unknown!
   Area for cell type $_XNOR_ is unknown!
   Area for cell type $_XOR_ is unknown!

[INFO] Applying tri-state buffer mapping from '/home/jayanth/OpenLane/pdks/ciel/sky130/versions/0fe599b2afb6708d281543108caf8310912f54af/ciel/sky130/versions/8afc8346a57fe1ab7934ba5a6056ea8b43078e71/sky130A/libs.tech/openlane/sky130_fd_sc_hd/tribuff_map.v'…

124. Executing TECHMAP pass (map to technology primitives).

124.1. Executing Verilog-2005 frontend: /home/jayanth/OpenLane/pdks/ciel/sky130/versions/0fe599b2afb6708d281543108caf8310912f54af/ciel/sky130/versions/8afc8346a57fe1ab7934ba5a6056ea8b43078e71/sky130A/libs.tech/openlane/sky130_fd_sc_hd/tribuff_map.v
Parsing Verilog input from `/home/jayanth/OpenLane/pdks/ciel/sky130/versions/0fe599b2afb6708d281543108caf8310912f54af/ciel/sky130/versions/8afc8346a57fe1ab7934ba5a6056ea8b43078e71/sky130A/libs.tech/openlane/sky130_fd_sc_hd/tribuff_map.v' to AST representation.
Generating RTLIL representation for module `$_TBUF_'.
Successfully finished Verilog frontend.

124.2. Continuing TECHMAP pass.
No more expansions possible.
<suppressed ~3 debug messages>

125. Executing SIMPLEMAP pass (map simple cells to gate primitives).
[INFO] Applying latch mapping from '/home/jayanth/OpenLane/pdks/ciel/sky130/versions/0fe599b2afb6708d281543108caf8310912f54af/ciel/sky130/versions/8afc8346a57fe1ab7934ba5a6056ea8b43078e71/sky130A/libs.tech/openlane/sky130_fd_sc_hd/latch_map.v'…

126. Executing TECHMAP pass (map to technology primitives).

126.1. Executing Verilog-2005 frontend: /home/jayanth/OpenLane/pdks/ciel/sky130/versions/0fe599b2afb6708d281543108caf8310912f54af/ciel/sky130/versions/8afc8346a57fe1ab7934ba5a6056ea8b43078e71/sky130A/libs.tech/openlane/sky130_fd_sc_hd/latch_map.v
Parsing Verilog input from `/home/jayanth/OpenLane/pdks/ciel/sky130/versions/0fe599b2afb6708d281543108caf8310912f54af/ciel/sky130/versions/8afc8346a57fe1ab7934ba5a6056ea8b43078e71/sky130A/libs.tech/openlane/sky130_fd_sc_hd/latch_map.v' to AST representation.
Generating RTLIL representation for module `$_DLATCH_P_'.
Generating RTLIL representation for module `$_DLATCH_N_'.
Successfully finished Verilog frontend.

126.2. Continuing TECHMAP pass.
No more expansions possible.
<suppressed ~4 debug messages>

127. Executing SIMPLEMAP pass (map simple cells to gate primitives).

128. Executing DFFLIBMAP pass (mapping DFF cells to sequential cells from liberty file).
  cell sky130_fd_sc_hd__dfxtp_2 (noninv, pins=3, area=21.27) is a direct match for cell type $_DFF_P_.
  cell sky130_fd_sc_hd__dfrtp_2 (noninv, pins=4, area=26.28) is a direct match for cell type $_DFF_PN0_.
  cell sky130_fd_sc_hd__dfstp_2 (noninv, pins=4, area=26.28) is a direct match for cell type $_DFF_PN1_.
  cell sky130_fd_sc_hd__dfbbn_2 (noninv, pins=6, area=35.03) is a direct match for cell type $_DFFSR_NNN_.
  final dff cell mappings:
    unmapped dff cell: $_DFF_N_
    \sky130_fd_sc_hd__dfxtp_2 _DFF_P_ (.CLK( C), .D( D), .Q( Q));
    unmapped dff cell: $_DFF_NN0_
    unmapped dff cell: $_DFF_NN1_
    unmapped dff cell: $_DFF_NP0_
    unmapped dff cell: $_DFF_NP1_
    \sky130_fd_sc_hd__dfrtp_2 _DFF_PN0_ (.CLK( C), .D( D), .Q( Q), .RESET_B( R));
    \sky130_fd_sc_hd__dfstp_2 _DFF_PN1_ (.CLK( C), .D( D), .Q( Q), .SET_B( R));
    unmapped dff cell: $_DFF_PP0_
    unmapped dff cell: $_DFF_PP1_
    unmapped dff cell: $_DFFE_NN_
    unmapped dff cell: $_DFFE_NP_
    unmapped dff cell: $_DFFE_PN_
    unmapped dff cell: $_DFFE_PP_
    \sky130_fd_sc_hd__dfbbn_2 _DFFSR_NNN_ (.CLK_N( C), .D( D), .Q( Q), .Q_N(~Q), .RESET_B( R), .SET_B( S));
    unmapped dff cell: $_DFFSR_NNP_
    unmapped dff cell: $_DFFSR_NPN_
    unmapped dff cell: $_DFFSR_NPP_
    unmapped dff cell: $_DFFSR_PNN_
    unmapped dff cell: $_DFFSR_PNP_
    unmapped dff cell: $_DFFSR_PPN_
    unmapped dff cell: $_DFFSR_PPP_

128.1. Executing DFFLEGALIZE pass (convert FFs to types supported by the target).
Mapping DFF cells in module `\async_fifo':
  mapped 52 $_DFF_PN0_ cells to \sky130_fd_sc_hd__dfrtp_2 cells.
  mapped 2 $_DFF_PN1_ cells to \sky130_fd_sc_hd__dfstp_2 cells.
  mapped 128 $_DFF_P_ cells to \sky130_fd_sc_hd__dfxtp_2 cells.
{
   "creator": "Yosys 0.62 (git sha1 7326bb7d6641500ecb285c291a54a662cb1e76cf, clang++ 21.1.2 -fPIC -O3)",
   "invocation": "stat -json -liberty /home/jayanth/librelane/designs/asyncfifo/runs/RUN_2026-08-28_15-45-35/tmp/9199cde9320d4c3d934b975eb7373314.lib ",
   "modules": {
      "\\async_fifo": {
         "num_wires":         476,
         "num_wire_bits":     661,
         "num_pub_wires":     50,
         "num_pub_wire_bits": 235,
         "num_ports":         14,
         "num_port_bits":     34,
         "num_memories":      0,
         "num_memory_bits":   0,
         "num_processes":     0,
         "num_cells":         636,
         "num_submodules":       0,
         "area":              4141.472000,
         "sequential_area":    4141.472000,
         "num_cells_by_type": {
            "$_ANDNOT_": 62,
            "$_AND_": 5,
            "$_MUX_": 248,
            "$_NAND_": 7,
            "$_NOR_": 2,
            "$_NOT_": 20,
            "$_ORNOT_": 6,
            "$_OR_": 36,
            "$_XNOR_": 23,
            "$_XOR_": 45,
            "sky130_fd_sc_hd__dfrtp_2": 52,
            "sky130_fd_sc_hd__dfstp_2": 2,
            "sky130_fd_sc_hd__dfxtp_2": 128
         }
      }
   },
      "design": {
         "num_wires":         476,
         "num_wire_bits":     661,
         "num_pub_wires":     50,
         "num_pub_wire_bits": 235,
         "num_ports":         14,
         "num_port_bits":     34,
         "num_memories":      0,
         "num_memory_bits":   0,
         "num_processes":     0,
         "num_cells":         636,
         "num_submodules":       0,
         "area":              4141.472000,
         "sequential_area":    4141.472000,
         "num_cells_by_type": {
            "$_ANDNOT_": 62,
            "$_AND_": 5,
            "$_MUX_": 248,
            "$_NAND_": 7,
            "$_NOR_": 2,
            "$_NOT_": 20,
            "$_ORNOT_": 6,
            "$_OR_": 36,
            "$_XNOR_": 23,
            "$_XOR_": 45,
            "sky130_fd_sc_hd__dfrtp_2": 52,
            "sky130_fd_sc_hd__dfstp_2": 2,
            "sky130_fd_sc_hd__dfxtp_2": 128
         }
      }
}

129. Printing statistics.

=== async_fifo ===

        +----------Local Count, excluding submodules.
        |        +-Local Area, excluding submodules.
        |        | 
      476        - wires
      661        - wire bits
       50        - public wires
      235        - public wire bits
       14        - ports
       34        - port bits
      636 4.14E+03 cells
       62        -   $_ANDNOT_
        5        -   $_AND_
      248        -   $_MUX_
        7        -   $_NAND_
        2        -   $_NOR_
       20        -   $_NOT_
        6        -   $_ORNOT_
       36        -   $_OR_
       23        -   $_XNOR_
       45        -   $_XOR_
       52  1366.31   sky130_fd_sc_hd__dfrtp_2
        2    52.55   sky130_fd_sc_hd__dfstp_2
      128 2.72E+03   sky130_fd_sc_hd__dfxtp_2

   Area for cell type $_ANDNOT_ is unknown!
   Area for cell type $_AND_ is unknown!
   Area for cell type $_MUX_ is unknown!
   Area for cell type $_NAND_ is unknown!
   Area for cell type $_NOR_ is unknown!
   Area for cell type $_NOT_ is unknown!
   Area for cell type $_ORNOT_ is unknown!
   Area for cell type $_OR_ is unknown!
   Area for cell type $_XNOR_ is unknown!
   Area for cell type $_XOR_ is unknown!

   Chip area for module '\async_fifo': 4141.472000
     of which used for sequential elements: 4141.472000 (100.00%)

[INFO] Using generated ABC script '/home/jayanth/librelane/designs/asyncfifo/runs/RUN_2026-08-28_15-45-35/06-yosys-synthesis/DELAY_0.abc'…

130. Executing ABC pass (technology mapping using ABC).

130.1. Extracting gate netlist of module `\async_fifo' to `/tmp/yosys-abc-DVwFzL/input.blif'..

130.1.1. Executed ABC.
Extracted 454 gates and 622 wires to a netlist network with 168 inputs and 158 outputs.
Running ABC script: /tmp/yosys-abc-DVwFzL/abc.script
ABC: ======== ABC command line "source /tmp/yosys-abc-DVwFzL/abc.script"
ABC: + read_blif /tmp/yosys-abc-DVwFzL/input.blif 
ABC: + read_lib -w /home/jayanth/librelane/designs/asyncfifo/runs/RUN_2026-08-28_15-45-35/tmp/9199cde9320d4c3d934b975eb7373314.lib 
ABC: Parsing finished successfully.  Parsing time =     0.03 sec
ABC: Scl_LibertyReadGenlib() skipped sequential cell "sky130_fd_sc_hd__dfbbn_2".
ABC: Scl_LibertyReadGenlib() skipped sequential cell "sky130_fd_sc_hd__dfrbp_2".
ABC: Scl_LibertyReadGenlib() skipped sequential cell "sky130_fd_sc_hd__dfrtp_2".
ABC: Scl_LibertyReadGenlib() skipped sequential cell "sky130_fd_sc_hd__dfrtp_4".
ABC: Scl_LibertyReadGenlib() skipped sequential cell "sky130_fd_sc_hd__dfsbp_2".
ABC: Scl_LibertyReadGenlib() skipped sequential cell "sky130_fd_sc_hd__dfstp_2".
ABC: Scl_LibertyReadGenlib() skipped sequential cell "sky130_fd_sc_hd__dfstp_4".
ABC: Scl_LibertyReadGenlib() skipped sequential cell "sky130_fd_sc_hd__dfxbp_2".
ABC: Scl_LibertyReadGenlib() skipped sequential cell "sky130_fd_sc_hd__dfxtp_2".
ABC: Scl_LibertyReadGenlib() skipped sequential cell "sky130_fd_sc_hd__dfxtp_4".
ABC: Scl_LibertyReadGenlib() skipped sequential cell "sky130_fd_sc_hd__dlxtn_1".
ABC: Scl_LibertyReadGenlib() skipped sequential cell "sky130_fd_sc_hd__dlxtn_2".
ABC: Scl_LibertyReadGenlib() skipped sequential cell "sky130_fd_sc_hd__dlxtn_4".
ABC: Scl_LibertyReadGenlib() skipped sequential cell "sky130_fd_sc_hd__dlxtp_1".
ABC: Scl_LibertyReadGenlib() skipped three-state cell "sky130_fd_sc_hd__ebufn_2".
ABC: Scl_LibertyReadGenlib() skipped three-state cell "sky130_fd_sc_hd__ebufn_4".
ABC: Scl_LibertyReadGenlib() skipped three-state cell "sky130_fd_sc_hd__ebufn_8".
ABC: Library "sky130_fd_sc_hd__tt_025C_1v80" from "/home/jayanth/librelane/designs/asyncfifo/runs/RUN_2026-08-28_15-45-35/tmp/9199cde9320d4c3d934b975eb7373314.lib" has 175 cells (17 skipped: 14 seq; 3 tri-state; 0 no func; 0 dont_use; 0 with 2 outputs; 0 with 3+ outputs).  Time =     0.05 sec
ABC: Memory =    9.54 MB. Time =     0.05 sec
ABC: Warning: Detected 2 multi-output cells (for example, "sky130_fd_sc_hd__fa_1").
ABC: + read_constr -v /home/jayanth/librelane/designs/asyncfifo/runs/RUN_2026-08-28_15-45-35/06-yosys-synthesis/synthesis.abc.sdc 
ABC: Setting driving cell to be "sky130_fd_sc_hd__inv_2/Y".
ABC: Setting output load to be 33.442001.
ABC: + source /home/jayanth/librelane/designs/asyncfifo/runs/RUN_2026-08-28_15-45-35/06-yosys-synthesis/DELAY_0.abc 
ABC: Error: The network is combinational.
ABC: The cell areas are multiplied by the factor: <num_fanins> ^ (0.90).
ABC: The cell delays are multiplied by the factor: <num_fanins> ^ (0.20).
ABC: Cannot find the default PI driving cell (sky130_fd_sc_hd__inv_2/Y) in the library.
ABC: Cannot find the default PI driving cell (sky130_fd_sc_hd__inv_2/Y) in the library.
ABC: Cannot find the default PI driving cell (sky130_fd_sc_hd__inv_2/Y) in the library.
ABC: Cannot find the default PI driving cell (sky130_fd_sc_hd__inv_2/Y) in the library.
ABC: WireLoad = "none"  Gates =    544 ( 29.4 %)   Cap = 13.5 ff ( 11.2 %)   Area =     5325.11 ( 67.3 %)   Delay =  1536.66 ps  ( 16.9 %)               
ABC: Path  0 --      16 : 0    6 pi                         A =   0.00  Df =   0.0   -0.0 ps  S =   0.0 ps  Cin =  0.0 ff  Cout =  17.7 ff  Cmax =   0.0 ff  G =    0  
ABC: Path  1 --     386 : 2    1 sky130_fd_sc_hd__or2b_2    A =   8.76  Df = 294.1 -136.1 ps  S =  69.8 ps  Cin =  1.6 ff  Cout =   9.2 ff  Cmax = 312.2 ff  G =  561  
ABC: Path  2 --     387 : 3    7 sky130_fd_sc_hd__nand3_4   A =  17.52  Df = 426.1 -154.3 ps  S = 121.6 ps  Cin =  8.7 ff  Cout =  28.0 ff  Cmax = 469.7 ff  G =  307  
ABC: Path  3 --     395 : 3    4 sky130_fd_sc_hd__nand3_4   A =  17.52  Df = 544.8 -132.5 ps  S = 109.8 ps  Cin =  8.7 ff  Cout =  23.7 ff  Cmax = 469.7 ff  G =  261  
ABC: Path  4 --     408 : 4    2 sky130_fd_sc_hd__a22oi_4   A =  21.27  Df = 964.6 -167.4 ps  S = 153.8 ps  Cin =  8.5 ff  Cout =   9.1 ff  Cmax = 293.9 ff  G =  102  
ABC: Path  5 --     409 : 4    3 sky130_fd_sc_hd__o22ai_2   A =  12.51  Df =1071.3  -60.4 ps  S = 200.0 ps  Cin =  4.3 ff  Cout =  11.6 ff  Cmax = 137.3 ff  G =  259  
ABC: Path  6 --     444 : 3    1 sky130_fd_sc_hd__a21oi_2   A =   8.76  Df =1209.9 -120.4 ps  S = 101.6 ps  Cin =  4.6 ff  Cout =   4.8 ff  Cmax = 128.2 ff  G =   97  
ABC: Path  7 --     448 : 4    1 sky130_fd_sc_hd__a2bb2oi_2 A =  15.01  Df =1387.3  -32.7 ps  S = 148.0 ps  Cin =  4.5 ff  Cout =   9.2 ff  Cmax = 130.0 ff  G =  193  
ABC: Path  8 --     449 : 3    1 sky130_fd_sc_hd__nand3_4   A =  17.52  Df =1536.7   -4.9 ps  S = 136.9 ps  Cin =  8.7 ff  Cout =  33.4 ff  Cmax = 469.7 ff  G =  385  
ABC: Start-point = pi15 (\u_sync_r2w.sync_stage2 [3]).  End-point = po18 ($0\afull[0:0]).
ABC: netlist                       : i/o =  168/  158  lat =    0  nd =   544  edge =   1420  area =2318.70  delay =1244.24  lev = 11
ABC: + write_blif /tmp/yosys-abc-DVwFzL/output.blif 

130.1.2. Re-integrating ABC results.
ABC RESULTS:   sky130_fd_sc_hd__a211o_2 cells:        1
ABC RESULTS:   sky130_fd_sc_hd__a21bo_2 cells:        3
ABC RESULTS:   sky130_fd_sc_hd__a21o_2 cells:        4
ABC RESULTS:   sky130_fd_sc_hd__a21o_4 cells:        1
ABC RESULTS:   sky130_fd_sc_hd__a21oi_2 cells:        9
ABC RESULTS:   sky130_fd_sc_hd__a21oi_4 cells:        3
ABC RESULTS:   sky130_fd_sc_hd__a221o_2 cells:        1
ABC RESULTS:   sky130_fd_sc_hd__a22o_2 cells:        4
ABC RESULTS:   sky130_fd_sc_hd__a22oi_4 cells:        1
ABC RESULTS:   sky130_fd_sc_hd__a2bb2o_4 cells:        1
ABC RESULTS:   sky130_fd_sc_hd__a2bb2oi_2 cells:        4
ABC RESULTS:   sky130_fd_sc_hd__a311o_2 cells:        2
ABC RESULTS:   sky130_fd_sc_hd__a311oi_2 cells:        1
ABC RESULTS:   sky130_fd_sc_hd__a31o_2 cells:        1
ABC RESULTS:   sky130_fd_sc_hd__a31oi_2 cells:        2
ABC RESULTS:   sky130_fd_sc_hd__a32o_2 cells:        1
ABC RESULTS:   sky130_fd_sc_hd__a32oi_2 cells:        1
ABC RESULTS:   sky130_fd_sc_hd__and2_2 cells:        6
ABC RESULTS:   sky130_fd_sc_hd__and2_4 cells:        1
ABC RESULTS:   sky130_fd_sc_hd__and3_2 cells:       11
ABC RESULTS:   sky130_fd_sc_hd__and3_4 cells:        2
ABC RESULTS:   sky130_fd_sc_hd__and3b_2 cells:        3
ABC RESULTS:   sky130_fd_sc_hd__and3b_4 cells:        1
ABC RESULTS:   sky130_fd_sc_hd__and4_2 cells:        1
ABC RESULTS:   sky130_fd_sc_hd__and4_4 cells:        2
ABC RESULTS:   sky130_fd_sc_hd__and4b_2 cells:        2
ABC RESULTS:   sky130_fd_sc_hd__and4bb_2 cells:        6
ABC RESULTS:   sky130_fd_sc_hd__buf_1 cells:       92
ABC RESULTS:   sky130_fd_sc_hd__buf_2 cells:       43
ABC RESULTS:   sky130_fd_sc_hd__buf_4 cells:        8
ABC RESULTS:   sky130_fd_sc_hd__buf_6 cells:        3
ABC RESULTS:   sky130_fd_sc_hd__inv_2 cells:       14
ABC RESULTS:   sky130_fd_sc_hd__mux2_2 cells:      144
ABC RESULTS:   sky130_fd_sc_hd__mux4_2 cells:       32
ABC RESULTS:   sky130_fd_sc_hd__nand2_2 cells:       19
ABC RESULTS:   sky130_fd_sc_hd__nand2_4 cells:        1
ABC RESULTS:   sky130_fd_sc_hd__nand2b_2 cells:        2
ABC RESULTS:   sky130_fd_sc_hd__nand3_2 cells:       13
ABC RESULTS:   sky130_fd_sc_hd__nand3_4 cells:        4
ABC RESULTS:   sky130_fd_sc_hd__nand3b_2 cells:        5
ABC RESULTS:   sky130_fd_sc_hd__nand4_2 cells:        5
ABC RESULTS:   sky130_fd_sc_hd__nand4_4 cells:        1
ABC RESULTS:   sky130_fd_sc_hd__nand4b_2 cells:        2
ABC RESULTS:   sky130_fd_sc_hd__nor2_2 cells:       10
ABC RESULTS:   sky130_fd_sc_hd__nor2_8 cells:        1
ABC RESULTS:   sky130_fd_sc_hd__nor3b_2 cells:        1
ABC RESULTS:   sky130_fd_sc_hd__nor4b_2 cells:        1
ABC RESULTS:   sky130_fd_sc_hd__nor4b_4 cells:        1
ABC RESULTS:   sky130_fd_sc_hd__o2111a_2 cells:        2
ABC RESULTS:   sky130_fd_sc_hd__o211a_2 cells:        5
ABC RESULTS:   sky130_fd_sc_hd__o211ai_2 cells:        9
ABC RESULTS:   sky130_fd_sc_hd__o21a_2 cells:        5
ABC RESULTS:   sky130_fd_sc_hd__o21ai_2 cells:        7
ABC RESULTS:   sky130_fd_sc_hd__o21ai_4 cells:        2
ABC RESULTS:   sky130_fd_sc_hd__o21ba_2 cells:        2
ABC RESULTS:   sky130_fd_sc_hd__o21bai_2 cells:        1
ABC RESULTS:   sky130_fd_sc_hd__o221ai_2 cells:        1
ABC RESULTS:   sky130_fd_sc_hd__o22ai_2 cells:        2
ABC RESULTS:   sky130_fd_sc_hd__o2bb2ai_2 cells:        4
ABC RESULTS:   sky130_fd_sc_hd__o311a_4 cells:        1
ABC RESULTS:   sky130_fd_sc_hd__o31ai_2 cells:        1
ABC RESULTS:   sky130_fd_sc_hd__or2_2 cells:        5
ABC RESULTS:   sky130_fd_sc_hd__or2_4 cells:        2
ABC RESULTS:   sky130_fd_sc_hd__or2b_2 cells:        2
ABC RESULTS:   sky130_fd_sc_hd__or3_4 cells:        1
ABC RESULTS:   sky130_fd_sc_hd__xnor2_2 cells:        5
ABC RESULTS:   sky130_fd_sc_hd__xnor2_4 cells:        1
ABC RESULTS:   sky130_fd_sc_hd__xor2_2 cells:        9
ABC RESULTS:        internal signals:      296
ABC RESULTS:           input signals:      168
ABC RESULTS:          output signals:      158
Removing temp directory.
Removing global temp directory.

131. Executing SETUNDEF pass (replace undef values with defined constants).

132. Executing HILOMAP pass (mapping to constant drivers).

133. Executing SPLITNETS pass (splitting up multi-bit signals).

134. Executing OPT_CLEAN pass (remove unused cells and wires).
Finding unused cells or wires in module \async_fifo..
Removed 0 unused cells and 625 unused wires.
<suppressed ~4 debug messages>

135. Executing INSBUF pass (insert buffer cells for connected wires).

136. Executing CHECK pass (checking for obvious problems).
Checking module async_fifo...
Found and reported 0 problems.
{
   "creator": "Yosys 0.62 (git sha1 7326bb7d6641500ecb285c291a54a662cb1e76cf, clang++ 21.1.2 -fPIC -O3)",
   "invocation": "stat -json -liberty /home/jayanth/librelane/designs/asyncfifo/runs/RUN_2026-08-28_15-45-35/tmp/9199cde9320d4c3d934b975eb7373314.lib ",
   "modules": {
      "\\async_fifo": {
         "num_wires":         730,
         "num_wire_bits":     750,
         "num_pub_wires":     212,
         "num_pub_wire_bits": 232,
         "num_ports":         14,
         "num_port_bits":     34,
         "num_memories":      0,
         "num_memory_bits":   0,
         "num_processes":     0,
         "num_cells":         728,
         "num_submodules":       0,
         "area":              9474.086400,
         "sequential_area":    4141.472000,
         "num_cells_by_type": {
            "sky130_fd_sc_hd__a211o_2": 1,
            "sky130_fd_sc_hd__a21bo_2": 3,
            "sky130_fd_sc_hd__a21o_2": 4,
            "sky130_fd_sc_hd__a21o_4": 1,
            "sky130_fd_sc_hd__a21oi_2": 9,
            "sky130_fd_sc_hd__a21oi_4": 3,
            "sky130_fd_sc_hd__a221o_2": 1,
            "sky130_fd_sc_hd__a22o_2": 4,
            "sky130_fd_sc_hd__a22oi_4": 1,
            "sky130_fd_sc_hd__a2bb2o_4": 1,
            "sky130_fd_sc_hd__a2bb2oi_2": 4,
            "sky130_fd_sc_hd__a311o_2": 2,
            "sky130_fd_sc_hd__a311oi_2": 1,
            "sky130_fd_sc_hd__a31o_2": 1,
            "sky130_fd_sc_hd__a31oi_2": 2,
            "sky130_fd_sc_hd__a32o_2": 1,
            "sky130_fd_sc_hd__a32oi_2": 1,
            "sky130_fd_sc_hd__and2_2": 6,
            "sky130_fd_sc_hd__and2_4": 1,
            "sky130_fd_sc_hd__and3_2": 11,
            "sky130_fd_sc_hd__and3_4": 2,
            "sky130_fd_sc_hd__and3b_2": 3,
            "sky130_fd_sc_hd__and3b_4": 1,
            "sky130_fd_sc_hd__and4_2": 1,
            "sky130_fd_sc_hd__and4_4": 2,
            "sky130_fd_sc_hd__and4b_2": 2,
            "sky130_fd_sc_hd__and4bb_2": 6,
            "sky130_fd_sc_hd__buf_1": 92,
            "sky130_fd_sc_hd__buf_2": 43,
            "sky130_fd_sc_hd__buf_4": 8,
            "sky130_fd_sc_hd__buf_6": 3,
            "sky130_fd_sc_hd__conb_1": 2,
            "sky130_fd_sc_hd__dfrtp_2": 52,
            "sky130_fd_sc_hd__dfstp_2": 2,
            "sky130_fd_sc_hd__dfxtp_2": 128,
            "sky130_fd_sc_hd__inv_2": 14,
            "sky130_fd_sc_hd__mux2_2": 144,
            "sky130_fd_sc_hd__mux4_2": 32,
            "sky130_fd_sc_hd__nand2_2": 19,
            "sky130_fd_sc_hd__nand2_4": 1,
            "sky130_fd_sc_hd__nand2b_2": 2,
            "sky130_fd_sc_hd__nand3_2": 13,
            "sky130_fd_sc_hd__nand3_4": 4,
            "sky130_fd_sc_hd__nand3b_2": 5,
            "sky130_fd_sc_hd__nand4_2": 5,
            "sky130_fd_sc_hd__nand4_4": 1,
            "sky130_fd_sc_hd__nand4b_2": 2,
            "sky130_fd_sc_hd__nor2_2": 10,
            "sky130_fd_sc_hd__nor2_8": 1,
            "sky130_fd_sc_hd__nor3b_2": 1,
            "sky130_fd_sc_hd__nor4b_2": 1,
            "sky130_fd_sc_hd__nor4b_4": 1,
            "sky130_fd_sc_hd__o2111a_2": 2,
            "sky130_fd_sc_hd__o211a_2": 5,
            "sky130_fd_sc_hd__o211ai_2": 9,
            "sky130_fd_sc_hd__o21a_2": 5,
            "sky130_fd_sc_hd__o21ai_2": 7,
            "sky130_fd_sc_hd__o21ai_4": 2,
            "sky130_fd_sc_hd__o21ba_2": 2,
            "sky130_fd_sc_hd__o21bai_2": 1,
            "sky130_fd_sc_hd__o221ai_2": 1,
            "sky130_fd_sc_hd__o22ai_2": 2,
            "sky130_fd_sc_hd__o2bb2ai_2": 4,
            "sky130_fd_sc_hd__o311a_4": 1,
            "sky130_fd_sc_hd__o31ai_2": 1,
            "sky130_fd_sc_hd__or2_2": 5,
            "sky130_fd_sc_hd__or2_4": 2,
            "sky130_fd_sc_hd__or2b_2": 2,
            "sky130_fd_sc_hd__or3_4": 1,
            "sky130_fd_sc_hd__xnor2_2": 5,
            "sky130_fd_sc_hd__xnor2_4": 1,
            "sky130_fd_sc_hd__xor2_2": 9
         }
      }
   },
      "design": {
         "num_wires":         730,
         "num_wire_bits":     750,
         "num_pub_wires":     212,
         "num_pub_wire_bits": 232,
         "num_ports":         14,
         "num_port_bits":     34,
         "num_memories":      0,
         "num_memory_bits":   0,
         "num_processes":     0,
         "num_cells":         728,
         "num_submodules":       0,
         "area":              9474.086400,
         "sequential_area":    4141.472000,
         "num_cells_by_type": {
            "sky130_fd_sc_hd__a211o_2": 1,
            "sky130_fd_sc_hd__a21bo_2": 3,
            "sky130_fd_sc_hd__a21o_2": 4,
            "sky130_fd_sc_hd__a21o_4": 1,
            "sky130_fd_sc_hd__a21oi_2": 9,
            "sky130_fd_sc_hd__a21oi_4": 3,
            "sky130_fd_sc_hd__a221o_2": 1,
            "sky130_fd_sc_hd__a22o_2": 4,
            "sky130_fd_sc_hd__a22oi_4": 1,
            "sky130_fd_sc_hd__a2bb2o_4": 1,
            "sky130_fd_sc_hd__a2bb2oi_2": 4,
            "sky130_fd_sc_hd__a311o_2": 2,
            "sky130_fd_sc_hd__a311oi_2": 1,
            "sky130_fd_sc_hd__a31o_2": 1,
            "sky130_fd_sc_hd__a31oi_2": 2,
            "sky130_fd_sc_hd__a32o_2": 1,
            "sky130_fd_sc_hd__a32oi_2": 1,
            "sky130_fd_sc_hd__and2_2": 6,
            "sky130_fd_sc_hd__and2_4": 1,
            "sky130_fd_sc_hd__and3_2": 11,
            "sky130_fd_sc_hd__and3_4": 2,
            "sky130_fd_sc_hd__and3b_2": 3,
            "sky130_fd_sc_hd__and3b_4": 1,
            "sky130_fd_sc_hd__and4_2": 1,
            "sky130_fd_sc_hd__and4_4": 2,
            "sky130_fd_sc_hd__and4b_2": 2,
            "sky130_fd_sc_hd__and4bb_2": 6,
            "sky130_fd_sc_hd__buf_1": 92,
            "sky130_fd_sc_hd__buf_2": 43,
            "sky130_fd_sc_hd__buf_4": 8,
            "sky130_fd_sc_hd__buf_6": 3,
            "sky130_fd_sc_hd__conb_1": 2,
            "sky130_fd_sc_hd__dfrtp_2": 52,
            "sky130_fd_sc_hd__dfstp_2": 2,
            "sky130_fd_sc_hd__dfxtp_2": 128,
            "sky130_fd_sc_hd__inv_2": 14,
            "sky130_fd_sc_hd__mux2_2": 144,
            "sky130_fd_sc_hd__mux4_2": 32,
            "sky130_fd_sc_hd__nand2_2": 19,
            "sky130_fd_sc_hd__nand2_4": 1,
            "sky130_fd_sc_hd__nand2b_2": 2,
            "sky130_fd_sc_hd__nand3_2": 13,
            "sky130_fd_sc_hd__nand3_4": 4,
            "sky130_fd_sc_hd__nand3b_2": 5,
            "sky130_fd_sc_hd__nand4_2": 5,
            "sky130_fd_sc_hd__nand4_4": 1,
            "sky130_fd_sc_hd__nand4b_2": 2,
            "sky130_fd_sc_hd__nor2_2": 10,
            "sky130_fd_sc_hd__nor2_8": 1,
            "sky130_fd_sc_hd__nor3b_2": 1,
            "sky130_fd_sc_hd__nor4b_2": 1,
            "sky130_fd_sc_hd__nor4b_4": 1,
            "sky130_fd_sc_hd__o2111a_2": 2,
            "sky130_fd_sc_hd__o211a_2": 5,
            "sky130_fd_sc_hd__o211ai_2": 9,
            "sky130_fd_sc_hd__o21a_2": 5,
            "sky130_fd_sc_hd__o21ai_2": 7,
            "sky130_fd_sc_hd__o21ai_4": 2,
            "sky130_fd_sc_hd__o21ba_2": 2,
            "sky130_fd_sc_hd__o21bai_2": 1,
            "sky130_fd_sc_hd__o221ai_2": 1,
            "sky130_fd_sc_hd__o22ai_2": 2,
            "sky130_fd_sc_hd__o2bb2ai_2": 4,
            "sky130_fd_sc_hd__o311a_4": 1,
            "sky130_fd_sc_hd__o31ai_2": 1,
            "sky130_fd_sc_hd__or2_2": 5,
            "sky130_fd_sc_hd__or2_4": 2,
            "sky130_fd_sc_hd__or2b_2": 2,
            "sky130_fd_sc_hd__or3_4": 1,
            "sky130_fd_sc_hd__xnor2_2": 5,
            "sky130_fd_sc_hd__xnor2_4": 1,
            "sky130_fd_sc_hd__xor2_2": 9
         }
      }
}

137. Printing statistics.

=== async_fifo ===

        +----------Local Count, excluding submodules.
        |        +-Local Area, excluding submodules.
        |        | 
      730        - wires
      750        - wire bits
      212        - public wires
      232        - public wire bits
       14        - ports
       34        - port bits
      728 9.47E+03 cells
        1    10.01   sky130_fd_sc_hd__a211o_2
        3   30.029   sky130_fd_sc_hd__a21bo_2
        4   35.034   sky130_fd_sc_hd__a21o_2
        1   15.014   sky130_fd_sc_hd__a21o_4
        9   78.826   sky130_fd_sc_hd__a21oi_2
        3   48.797   sky130_fd_sc_hd__a21oi_4
        1   11.261   sky130_fd_sc_hd__a221o_2
        4   40.038   sky130_fd_sc_hd__a22o_2
        1    21.27   sky130_fd_sc_hd__a22oi_4
        1   20.019   sky130_fd_sc_hd__a2bb2o_4
        4   60.058   sky130_fd_sc_hd__a2bb2oi_2
        2   22.522   sky130_fd_sc_hd__a311o_2
        1   15.014   sky130_fd_sc_hd__a311oi_2
        1    8.758   sky130_fd_sc_hd__a31o_2
        2   25.024   sky130_fd_sc_hd__a31oi_2
        1   11.261   sky130_fd_sc_hd__a32o_2
        1   16.266   sky130_fd_sc_hd__a32oi_2
        6   45.043   sky130_fd_sc_hd__and2_2
        1    8.758   sky130_fd_sc_hd__and2_4
       11   82.579   sky130_fd_sc_hd__and3_2
        2   22.522   sky130_fd_sc_hd__and3_4
        3   30.029   sky130_fd_sc_hd__and3b_2
        1   12.512   sky130_fd_sc_hd__and3b_4
        1    10.01   sky130_fd_sc_hd__and4_2
        2   22.522   sky130_fd_sc_hd__and4_4
        2   22.522   sky130_fd_sc_hd__and4b_2
        6   75.072   sky130_fd_sc_hd__and4bb_2
       92  345.331   sky130_fd_sc_hd__buf_1
       43  215.206   sky130_fd_sc_hd__buf_2
        8   60.058   sky130_fd_sc_hd__buf_4
        3   33.782   sky130_fd_sc_hd__buf_6
        2    7.507   sky130_fd_sc_hd__conb_1
       52  1366.31   sky130_fd_sc_hd__dfrtp_2
        2    52.55   sky130_fd_sc_hd__dfstp_2
      128 2.72E+03   sky130_fd_sc_hd__dfxtp_2
       14    52.55   sky130_fd_sc_hd__inv_2
      144 1.62E+03   sky130_fd_sc_hd__mux2_2
       32  720.691   sky130_fd_sc_hd__mux4_2
       19  118.864   sky130_fd_sc_hd__nand2_2
        1   11.261   sky130_fd_sc_hd__nand2_4
        2   17.517   sky130_fd_sc_hd__nand2b_2
       13  130.125   sky130_fd_sc_hd__nand3_2
        4   70.067   sky130_fd_sc_hd__nand3_4
        5   56.304   sky130_fd_sc_hd__nand3b_2
        5    62.56   sky130_fd_sc_hd__nand4_2
        1    21.27   sky130_fd_sc_hd__nand4_4
        2   30.029   sky130_fd_sc_hd__nand4b_2
       10    62.56   sky130_fd_sc_hd__nor2_2
        1   20.019   sky130_fd_sc_hd__nor2_8
        1   12.512   sky130_fd_sc_hd__nor3b_2
        1   15.014   sky130_fd_sc_hd__nor4b_2
        1   23.773   sky130_fd_sc_hd__nor4b_4
        2   25.024   sky130_fd_sc_hd__o2111a_2
        5   50.048   sky130_fd_sc_hd__o211a_2
        9  112.608   sky130_fd_sc_hd__o211ai_2
        5   43.792   sky130_fd_sc_hd__o21a_2
        7   61.309   sky130_fd_sc_hd__o21ai_2
        2   32.531   sky130_fd_sc_hd__o21ai_4
        2   20.019   sky130_fd_sc_hd__o21ba_2
        1   11.261   sky130_fd_sc_hd__o21bai_2
        1   15.014   sky130_fd_sc_hd__o221ai_2
        2   25.024   sky130_fd_sc_hd__o22ai_2
        4   60.058   sky130_fd_sc_hd__o2bb2ai_2
        1    21.27   sky130_fd_sc_hd__o311a_4
        1   12.512   sky130_fd_sc_hd__o31ai_2
        5    31.28   sky130_fd_sc_hd__or2_2
        2   17.517   sky130_fd_sc_hd__or2_4
        2   17.517   sky130_fd_sc_hd__or2b_2
        1   11.261   sky130_fd_sc_hd__or3_4
        5   81.328   sky130_fd_sc_hd__xnor2_2
        1   27.526   sky130_fd_sc_hd__xnor2_4
        9   146.39   sky130_fd_sc_hd__xor2_2

   Chip area for module '\async_fifo': 9474.086400
     of which used for sequential elements: 4141.472000 (43.71%)

138. Executing Verilog backend.
Dumping module `\async_fifo'.

139. Executing JSON backend.
