
===========================================================================
 report_power
============================================================================
======================= min_tt_025C_1v80 Corner ===================================

Group                    Internal    Switching      Leakage        Total
                            Power        Power        Power        Power (Watts)
------------------------------------------------------------------------
Sequential           1.067053e-03 1.562540e-04 1.706337e-09 1.223309e-03  30.6%
Combinational        9.956610e-04 6.985037e-04 2.360134e-09 1.694167e-03  42.4%
Clock                7.741471e-04 3.025084e-04 5.742145e-09 1.076661e-03  27.0%
Macro                0.000000e+00 0.000000e+00 0.000000e+00 0.000000e+00   0.0%
Pad                  0.000000e+00 0.000000e+00 0.000000e+00 0.000000e+00   0.0%
------------------------------------------------------------------------
Total                2.836862e-03 1.157267e-03 9.808611e-09 3.994139e-03 100.0%
                            71.0%        29.0%         0.0%

