
===========================================================================
report_checks -unconstrained
===========================================================================
======================= nom_ss_100C_1v60 Corner ===================================

Startpoint: _1201_ (rising edge-triggered flip-flop clocked by wr_clk)
Endpoint: _1227_ (recovery check against rising-edge clock wr_clk)
Path Group: asynchronous
Path Type: max

Fanout         Cap        Slew       Delay        Time   Description
---------------------------------------------------------------------------------------------
                                  0.000000    0.000000   clock wr_clk (rise edge)
                                  0.000000    0.000000   clock source latency
     1    0.025816    0.000000    0.000000    0.000000 ^ wr_clk (in)
                                                         wr_clk (net)
                      0.001516    0.000758    0.000758 ^ clkbuf_0_wr_clk/A (sky130_fd_sc_hd__clkbuf_16)
    16    0.106593    0.185134    0.291198    0.291956 ^ clkbuf_0_wr_clk/X (sky130_fd_sc_hd__clkbuf_16)
                                                         clknet_0_wr_clk (net)
                      0.185192    0.002681    0.294638 ^ clkbuf_4_10_0_wr_clk/A (sky130_fd_sc_hd__clkbuf_8)
     2    0.019356    0.081965    0.287130    0.581767 ^ clkbuf_4_10_0_wr_clk/X (sky130_fd_sc_hd__clkbuf_8)
                                                         clknet_4_10_0_wr_clk (net)
                      0.081967    0.000515    0.582282 ^ clkbuf_5_21__f_wr_clk/A (sky130_fd_sc_hd__clkbuf_16)
     6    0.019438    0.066733    0.226061    0.808343 ^ clkbuf_5_21__f_wr_clk/X (sky130_fd_sc_hd__clkbuf_16)
                                                         clknet_5_21__leaf_wr_clk (net)
                      0.066749    0.000924    0.809267 ^ _1201_/CLK (sky130_fd_sc_hd__dfrtp_2)
     1    0.003391    0.072726    0.677089    1.486356 ^ _1201_/Q (sky130_fd_sc_hd__dfrtp_2)
                                                         u_wr_reset_sync.sync_ff2 (net)
                      0.072726    0.000107    1.486463 ^ fanout80/A (sky130_fd_sc_hd__clkdlybuf4s25_1)
     7    0.039014    0.626900    0.864112    2.350575 ^ fanout80/X (sky130_fd_sc_hd__clkdlybuf4s25_1)
                                                         net80 (net)
                      0.626900    0.000554    2.351129 ^ fanout79/A (sky130_fd_sc_hd__clkdlybuf4s25_1)
     5    0.023119    0.381281    0.900315    3.251444 ^ fanout79/X (sky130_fd_sc_hd__clkdlybuf4s25_1)
                                                         net79 (net)
                      0.381281    0.000701    3.252145 ^ fanout77/A (sky130_fd_sc_hd__clkdlybuf4s25_1)
     8    0.034658    0.559898    0.939732    4.191877 ^ fanout77/X (sky130_fd_sc_hd__clkdlybuf4s25_1)
                                                         net77 (net)
                      0.559899    0.002082    4.193959 ^ _1227_/RESET_B (sky130_fd_sc_hd__dfrtp_2)
                                              4.193959   data arrival time

                                 10.000000   10.000000   clock wr_clk (rise edge)
                                  0.000000   10.000000   clock source latency
     1    0.025816    0.000000    0.000000   10.000000 ^ wr_clk (in)
                                                         wr_clk (net)
                      0.001516    0.000759   10.000759 ^ clkbuf_0_wr_clk/A (sky130_fd_sc_hd__clkbuf_16)
    16    0.106593    0.185134    0.291197   10.291956 ^ clkbuf_0_wr_clk/X (sky130_fd_sc_hd__clkbuf_16)
                                                         clknet_0_wr_clk (net)
                      0.185155    0.001618   10.293574 ^ clkbuf_4_15_0_wr_clk/A (sky130_fd_sc_hd__clkbuf_8)
     2    0.019119    0.081428    0.286477   10.580050 ^ clkbuf_4_15_0_wr_clk/X (sky130_fd_sc_hd__clkbuf_8)
                                                         clknet_4_15_0_wr_clk (net)
                      0.081432    0.000622   10.580672 ^ clkbuf_5_30__f_wr_clk/A (sky130_fd_sc_hd__clkbuf_16)
     5    0.012615    0.058206    0.216235   10.796907 ^ clkbuf_5_30__f_wr_clk/X (sky130_fd_sc_hd__clkbuf_16)
                                                         clknet_5_30__leaf_wr_clk (net)
                      0.058206    0.000257   10.797164 ^ _1227_/CLK (sky130_fd_sc_hd__dfrtp_2)
                                 -0.200000   10.597164   clock uncertainty
                                  0.000000   10.597164   clock reconvergence pessimism
                                  0.231036   10.828200   library recovery time
                                             10.828200   data required time
---------------------------------------------------------------------------------------------
                                             10.828200   data required time
                                             -4.193959   data arrival time
---------------------------------------------------------------------------------------------
                                              6.634241   slack (MET)


Startpoint: _1239_ (rising edge-triggered flip-flop clocked by rd_clk)
Endpoint: rd_data[2] (output port clocked by rd_clk)
Path Group: rd_clk
Path Type: max

Fanout         Cap        Slew       Delay        Time   Description
---------------------------------------------------------------------------------------------
                                  0.000000    0.000000   clock rd_clk (rise edge)
                                  0.000000    0.000000   clock source latency
     1    0.014116    0.000000    0.000000    0.000000 ^ rd_clk (in)
                                                         rd_clk (net)
                      0.001017    0.000509    0.000509 ^ clkbuf_0_rd_clk/A (sky130_fd_sc_hd__clkbuf_16)
     4    0.038551    0.092264    0.217521    0.218029 ^ clkbuf_0_rd_clk/X (sky130_fd_sc_hd__clkbuf_16)
                                                         clknet_0_rd_clk (net)
                      0.092277    0.001116    0.219146 ^ clkbuf_2_2__f_rd_clk/A (sky130_fd_sc_hd__clkbuf_16)
     8    0.030072    0.080514    0.245871    0.465017 ^ clkbuf_2_2__f_rd_clk/X (sky130_fd_sc_hd__clkbuf_16)
                                                         clknet_2_2__leaf_rd_clk (net)
                      0.080518    0.000664    0.465680 ^ _1239_/CLK (sky130_fd_sc_hd__dfrtp_2)
     3    0.023162    0.205366    0.817864    1.283544 ^ _1239_/Q (sky130_fd_sc_hd__dfrtp_2)
                                                         rd_ptr_bin[0] (net)
                      0.205378    0.001795    1.285339 ^ fanout56/A (sky130_fd_sc_hd__clkdlybuf4s25_1)
     4    0.025507    0.418299    0.774791    2.060130 ^ fanout56/X (sky130_fd_sc_hd__clkdlybuf4s25_1)
                                                         net56 (net)
                      0.418299    0.001020    2.061150 ^ fanout54/A (sky130_fd_sc_hd__clkdlybuf4s25_1)
     5    0.032592    0.527803    0.930507    2.991657 ^ fanout54/X (sky130_fd_sc_hd__clkdlybuf4s25_1)
                                                         net54 (net)
                      0.527803    0.000846    2.992504 ^ load_slew55/A (sky130_fd_sc_hd__buf_4)
     4    0.033982    0.167516    0.472722    3.465225 ^ load_slew55/X (sky130_fd_sc_hd__buf_4)
                                                         net55 (net)
                      0.167538    0.001966    3.467192 ^ _0740_/S0 (sky130_fd_sc_hd__mux4_2)
     1    0.003382    0.147456    1.119020    4.586213 v _0740_/X (sky130_fd_sc_hd__mux4_2)
                                                         _0328_ (net)
                      0.147456    0.000109    4.586322 v _0741_/A1 (sky130_fd_sc_hd__mux2_2)
     1    0.008339    0.118717    0.616813    5.203135 v _0741_/X (sky130_fd_sc_hd__mux2_2)
                                                         _0329_ (net)
                      0.118723    0.000521    5.203656 v _0742_/A1 (sky130_fd_sc_hd__mux2_2)
     1    0.004708    0.100079    0.577495    5.781152 v _0742_/X (sky130_fd_sc_hd__mux2_2)
                                                         _0330_ (net)
                      0.100079    0.000155    5.781307 v _0743_/A (sky130_fd_sc_hd__buf_1)
     1    0.002305    0.045558    0.169475    5.950782 v _0743_/X (sky130_fd_sc_hd__buf_1)
                                                         net27 (net)
                      0.045558    0.000045    5.950827 v output27/A (sky130_fd_sc_hd__clkdlybuf4s25_1)
     1    0.016144    0.234504    0.584206    6.535032 v output27/X (sky130_fd_sc_hd__clkdlybuf4s25_1)
                                                         rd_data[2] (net)
                      0.234504    0.000329    6.535361 v rd_data[2] (out)
                                              6.535361   data arrival time

                                 25.000000   25.000000   clock rd_clk (rise edge)
                                  0.000000   25.000000   clock network delay (propagated)
                                 -0.200000   24.799999   clock uncertainty
                                  0.000000   24.799999   clock reconvergence pessimism
                                 -1.500000   23.299999   output external delay
                                             23.299999   data required time
---------------------------------------------------------------------------------------------
                                             23.299999   data required time
                                             -6.535361   data arrival time
---------------------------------------------------------------------------------------------
                                             16.764639   slack (MET)


Startpoint: _1229_ (rising edge-triggered flip-flop clocked by wr_clk)
Endpoint: _1195_ (rising edge-triggered flip-flop clocked by wr_clk)
Path Group: wr_clk
Path Type: max

Fanout         Cap        Slew       Delay        Time   Description
---------------------------------------------------------------------------------------------
                                  0.000000    0.000000   clock wr_clk (rise edge)
                                  0.000000    0.000000   clock source latency
     1    0.025816    0.000000    0.000000    0.000000 ^ wr_clk (in)
                                                         wr_clk (net)
                      0.001516    0.000758    0.000758 ^ clkbuf_0_wr_clk/A (sky130_fd_sc_hd__clkbuf_16)
    16    0.106593    0.185134    0.291198    0.291956 ^ clkbuf_0_wr_clk/X (sky130_fd_sc_hd__clkbuf_16)
                                                         clknet_0_wr_clk (net)
                      0.185155    0.001631    0.293587 ^ clkbuf_4_14_0_wr_clk/A (sky130_fd_sc_hd__clkbuf_8)
     2    0.019139    0.081465    0.286609    0.580196 ^ clkbuf_4_14_0_wr_clk/X (sky130_fd_sc_hd__clkbuf_8)
                                                         clknet_4_14_0_wr_clk (net)
                      0.081467    0.000512    0.580708 ^ clkbuf_5_28__f_wr_clk/A (sky130_fd_sc_hd__clkbuf_16)
     5    0.021256    0.069012    0.228542    0.809250 ^ clkbuf_5_28__f_wr_clk/X (sky130_fd_sc_hd__clkbuf_16)
                                                         clknet_5_28__leaf_wr_clk (net)
                      0.069013    0.000478    0.809728 ^ _1229_/CLK (sky130_fd_sc_hd__dfrtp_2)
     3    0.010901    0.124420    0.736221    1.545948 ^ _1229_/Q (sky130_fd_sc_hd__dfrtp_2)
                                                         u_fifomem.wr_addr[0] (net)
                      0.124554    0.000227    1.546175 ^ fanout71/A (sky130_fd_sc_hd__clkdlybuf4s25_1)
     8    0.047524    0.759637    0.982042    2.528217 ^ fanout71/X (sky130_fd_sc_hd__clkdlybuf4s25_1)
                                                         net71 (net)
                      0.759637    0.001244    2.529461 ^ fanout70/A (sky130_fd_sc_hd__clkdlybuf4s25_1)
     8    0.035241    0.568617    1.065209    3.594670 ^ fanout70/X (sky130_fd_sc_hd__clkdlybuf4s25_1)
                                                         net70 (net)
                      0.568617    0.000843    3.595513 ^ _0540_/A3 (sky130_fd_sc_hd__a31oi_2)
     4    0.024034    0.377284    0.540990    4.136503 v _0540_/Y (sky130_fd_sc_hd__a31oi_2)
                                                         _0148_ (net)
                      0.377284    0.000504    4.137007 v max_cap46/A (sky130_fd_sc_hd__clkbuf_2)
     4    0.018115    0.137384    0.391689    4.528696 v max_cap46/X (sky130_fd_sc_hd__clkbuf_2)
                                                         net46 (net)
                      0.137385    0.000651    4.529347 v _0588_/C1 (sky130_fd_sc_hd__a311oi_1)
     2    0.009971    0.677310    0.627312    5.156659 ^ _0588_/Y (sky130_fd_sc_hd__a311oi_1)
                                                         _0182_ (net)
                      0.677310    0.000334    5.156993 ^ wire43/A (sky130_fd_sc_hd__clkdlybuf4s25_1)
     1    0.009828    0.177433    0.765369    5.922362 ^ wire43/X (sky130_fd_sc_hd__clkdlybuf4s25_1)
                                                         net43 (net)
                      0.177433    0.000221    5.922583 ^ _0599_/A2 (sky130_fd_sc_hd__a22oi_4)
     2    0.012169    0.185826    0.201224    6.123807 v _0599_/Y (sky130_fd_sc_hd__a22oi_4)
                                                         _0193_ (net)
                      0.185827    0.000375    6.124182 v _0600_/B2 (sky130_fd_sc_hd__o22ai_2)
     3    0.014682    0.364235    0.328647    6.452829 ^ _0600_/Y (sky130_fd_sc_hd__o22ai_2)
                                                         _0194_ (net)
                      0.364235    0.000480    6.453310 ^ _0605_/A (sky130_fd_sc_hd__nand2_2)
     2    0.009624    0.136822    0.220854    6.674164 v _0605_/Y (sky130_fd_sc_hd__nand2_2)
                                                         _0199_ (net)
                      0.136822    0.000252    6.674417 v _0613_/A (sky130_fd_sc_hd__nand2_2)
     1    0.005758    0.086097    0.125818    6.800234 ^ _0613_/Y (sky130_fd_sc_hd__nand2_2)
                                                         _0207_ (net)
                      0.086097    0.000179    6.800413 ^ _0631_/A1_N (sky130_fd_sc_hd__o2bb2ai_2)
     1    0.011159    0.278351    0.251970    7.052383 ^ _0631_/Y (sky130_fd_sc_hd__o2bb2ai_2)
                                                         _0225_ (net)
                      0.278351    0.000443    7.052826 ^ _0640_/A (sky130_fd_sc_hd__nand3_4)
     1    0.002587    0.097957    0.160899    7.213725 v _0640_/Y (sky130_fd_sc_hd__nand3_4)
                                                         _0001_ (net)
                      0.097957    0.000076    7.213801 v _1195_/D (sky130_fd_sc_hd__dfrtp_2)
                                              7.213801   data arrival time

                                 10.000000   10.000000   clock wr_clk (rise edge)
                                  0.000000   10.000000   clock source latency
     1    0.025816    0.000000    0.000000   10.000000 ^ wr_clk (in)
                                                         wr_clk (net)
                      0.001516    0.000759   10.000759 ^ clkbuf_0_wr_clk/A (sky130_fd_sc_hd__clkbuf_16)
    16    0.106593    0.185134    0.291197   10.291956 ^ clkbuf_0_wr_clk/X (sky130_fd_sc_hd__clkbuf_16)
                                                         clknet_0_wr_clk (net)
                      0.185192    0.002681   10.294638 ^ clkbuf_4_10_0_wr_clk/A (sky130_fd_sc_hd__clkbuf_8)
     2    0.019356    0.081965    0.287130   10.581768 ^ clkbuf_4_10_0_wr_clk/X (sky130_fd_sc_hd__clkbuf_8)
                                                         clknet_4_10_0_wr_clk (net)
                      0.081967    0.000514   10.582282 ^ clkbuf_5_21__f_wr_clk/A (sky130_fd_sc_hd__clkbuf_16)
     6    0.019438    0.066733    0.226061   10.808343 ^ clkbuf_5_21__f_wr_clk/X (sky130_fd_sc_hd__clkbuf_16)
                                                         clknet_5_21__leaf_wr_clk (net)
                      0.066749    0.000943   10.809286 ^ _1195_/CLK (sky130_fd_sc_hd__dfrtp_2)
                                 -0.200000   10.609286   clock uncertainty
                                  0.000000   10.609286   clock reconvergence pessimism
                                 -0.289156   10.320130   library setup time
                                             10.320130   data required time
---------------------------------------------------------------------------------------------
                                             10.320130   data required time
                                             -7.213801   data arrival time
---------------------------------------------------------------------------------------------
                                              3.106329   slack (MET)




===========================================================================
report_checks --slack_max -0.01
============================================================================
======================= nom_ss_100C_1v60 Corner ===================================

No paths found.


===========================================================================
 report_check_types -max_slew -max_cap -max_fanout -violators
============================================================================
======================= nom_ss_100C_1v60 Corner ===================================

max slew

Pin                                        Limit        Slew       Slack
------------------------------------------------------------------------
_0524_/C                                0.750000    0.974645   -0.224645 (VIOLATED)
_0525_/A                                0.750000    0.974645   -0.224645 (VIOLATED)
_0720_/S                                0.750000    0.974645   -0.224645 (VIOLATED)
_0730_/S                                0.750000    0.974645   -0.224645 (VIOLATED)
_0733_/A1                               0.750000    0.974645   -0.224645 (VIOLATED)
_0738_/S                                0.750000    0.974645   -0.224645 (VIOLATED)
_0753_/A                                0.750000    0.974645   -0.224645 (VIOLATED)
_0777_/A                                0.750000    0.974645   -0.224645 (VIOLATED)
fanout47/X                              0.750000    0.974645   -0.224645 (VIOLATED)
fanout49/A                              0.750000    0.874985   -0.124985 (VIOLATED)
_0780_/S1                               0.750000    0.874984   -0.124984 (VIOLATED)
_0748_/S1                               0.750000    0.874984   -0.124984 (VIOLATED)
_0764_/S1                               0.750000    0.874984   -0.124984 (VIOLATED)
_0732_/S1                               0.750000    0.874984   -0.124984 (VIOLATED)
_0747_/S1                               0.750000    0.874983   -0.124983 (VIOLATED)
_0763_/S1                               0.750000    0.874981   -0.124981 (VIOLATED)
_0771_/S1                               0.750000    0.874980   -0.124980 (VIOLATED)
fanout50/X                              0.750000    0.874980   -0.124980 (VIOLATED)
_0761_/S1                               0.750000    0.820404   -0.070404 (VIOLATED)
_0760_/S1                               0.750000    0.820404   -0.070404 (VIOLATED)
_0744_/S1                               0.750000    0.820401   -0.070401 (VIOLATED)
_0519_/B                                0.750000    0.820399   -0.070399 (VIOLATED)
_0526_/C                                0.750000    0.820398   -0.070398 (VIOLATED)
_0558_/C1                               0.750000    0.820398   -0.070398 (VIOLATED)
_0520_/A                                0.750000    0.820397   -0.070397 (VIOLATED)
_0531_/A                                0.750000    0.820397   -0.070397 (VIOLATED)
fanout52/X                              0.750000    0.820397   -0.070397 (VIOLATED)
_0718_/S1                               0.750000    0.814712   -0.064712 (VIOLATED)
_0719_/S1                               0.750000    0.814712   -0.064712 (VIOLATED)
_0728_/S1                               0.750000    0.814712   -0.064712 (VIOLATED)
_0729_/S1                               0.750000    0.814712   -0.064712 (VIOLATED)
_0752_/S1                               0.750000    0.814712   -0.064712 (VIOLATED)
_0754_/S1                               0.750000    0.814712   -0.064712 (VIOLATED)
_0776_/S1                               0.750000    0.814712   -0.064712 (VIOLATED)
_0778_/S1                               0.750000    0.814712   -0.064712 (VIOLATED)
fanout51/X                              0.750000    0.814712   -0.064712 (VIOLATED)
_0726_/S                                0.750000    0.769920   -0.019920 (VIOLATED)
_0742_/S                                0.750000    0.769920   -0.019920 (VIOLATED)
_0783_/B2                               0.750000    0.769919   -0.019920 (VIOLATED)
_0759_/B2                               0.750000    0.769917   -0.019917 (VIOLATED)
_0733_/B1                               0.750000    0.769914   -0.019914 (VIOLATED)
_0766_/S                                0.750000    0.769912   -0.019912 (VIOLATED)
_0773_/B1                               0.750000    0.769905   -0.019905 (VIOLATED)
_0750_/S                                0.750000    0.769900   -0.019900 (VIOLATED)
_0725_/X                                0.750000    0.769897   -0.019897 (VIOLATED)
_0541_/A1                               0.750000    0.759637   -0.009637 (VIOLATED)
_0542_/A                                0.750000    0.759637   -0.009637 (VIOLATED)
_0543_/A1                               0.750000    0.759637   -0.009637 (VIOLATED)
_0545_/A                                0.750000    0.759637   -0.009637 (VIOLATED)
_0546_/A1                               0.750000    0.759637   -0.009637 (VIOLATED)
_0554_/B1                               0.750000    0.759637   -0.009637 (VIOLATED)
_0993_/A_N                              0.750000    0.759637   -0.009637 (VIOLATED)
fanout70/A                              0.750000    0.759637   -0.009637 (VIOLATED)
fanout71/X                              0.750000    0.759637   -0.009637 (VIOLATED)
_0756_/S1                               0.750000    0.757627   -0.007627 (VIOLATED)
_0757_/S1                               0.750000    0.757626   -0.007626 (VIOLATED)
_0740_/S1                               0.750000    0.757623   -0.007624 (VIOLATED)
_0739_/S1                               0.750000    0.757622   -0.007622 (VIOLATED)
_0781_/S1                               0.750000    0.757619   -0.007619 (VIOLATED)
_0722_/S1                               0.750000    0.757616   -0.007616 (VIOLATED)
_0721_/S1                               0.750000    0.757615   -0.007615 (VIOLATED)
_0731_/S1                               0.750000    0.757615   -0.007615 (VIOLATED)
fanout49/X                              0.750000    0.757615   -0.007615 (VIOLATED)

max fanout

Pin                                   Limit Fanout  Slack
---------------------------------------------------------
clkbuf_0_wr_clk/X                         8     16     -8 (VIOLATED)



===========================================================================
report_parasitic_annotation -report_unannotated
============================================================================
Found 12 unannotated drivers.
 _1200__97/LO
 _1202__98/LO
 clkload0/X
 clkload1/X
 clkload2/X
 clkload3/X
 clkload4/X
 clkload5/X
 clkload6/X
 clkload7/X
 clkload8/X
 clkload9/X
Found 0 partially unannotated drivers.

===========================================================================
max slew violation count 63
max fanout violation count 1
max cap violation count 0
============================================================================

===========================================================================
check_setup -verbose -unconstrained_endpoints -multiple_clock -no_clock -no_input_delay -loops -generated_clocks
===========================================================================
Warning: There are 2 input ports missing set_input_delay.
  rd_rst_n
  wr_rst_n
