
===========================================================================
 report_power
============================================================================
======================= nom_ss_100C_1v60 Corner ===================================

Group                    Internal    Switching      Leakage        Total
                            Power        Power        Power        Power (Watts)
------------------------------------------------------------------------
Sequential           8.455857e-04 1.259339e-04 3.043773e-06 9.745634e-04  30.2%
Combinational        8.097175e-04 5.636168e-04 3.570092e-06 1.376904e-03  42.7%
Clock                6.295589e-04 2.401194e-04 9.640723e-07 8.706424e-04  27.0%
Macro                0.000000e+00 0.000000e+00 0.000000e+00 0.000000e+00   0.0%
Pad                  0.000000e+00 0.000000e+00 0.000000e+00 0.000000e+00   0.0%
------------------------------------------------------------------------
Total                2.284862e-03 9.296700e-04 7.577935e-06 3.222110e-03 100.0%
                            70.9%        28.9%         0.2%

