
===========================================================================
report_checks -unconstrained
===========================================================================
======================= nom_tt_025C_1v80 Corner ===================================

Startpoint: _1201_ (rising edge-triggered flip-flop clocked by wr_clk)
Endpoint: _1214_ (recovery check against rising-edge clock wr_clk)
Path Group: asynchronous
Path Type: max

Fanout         Cap        Slew       Delay        Time   Description
---------------------------------------------------------------------------------------------
                                  0.000000    0.000000   clock wr_clk (rise edge)
                                  0.000000    0.000000   clock source latency
     1    0.018723    0.000000    0.000000    0.000000 ^ wr_clk (in)
                                                         wr_clk (net)
                      0.001049    0.000525    0.000525 ^ clkbuf_0_wr_clk/A (sky130_fd_sc_hd__clkbuf_16)
    16    0.088820    0.105109    0.162823    0.163347 ^ clkbuf_0_wr_clk/X (sky130_fd_sc_hd__clkbuf_16)
                                                         clknet_0_wr_clk (net)
                      0.105110    0.000589    0.163936 ^ clkbuf_4_10_0_wr_clk/A (sky130_fd_sc_hd__clkbuf_8)
     2    0.017560    0.047565    0.150629    0.314565 ^ clkbuf_4_10_0_wr_clk/X (sky130_fd_sc_hd__clkbuf_8)
                                                         clknet_4_10_0_wr_clk (net)
                      0.047565    0.000075    0.314640 ^ clkbuf_5_21__f_wr_clk/A (sky130_fd_sc_hd__clkbuf_16)
     6    0.016654    0.038990    0.123173    0.437812 ^ clkbuf_5_21__f_wr_clk/X (sky130_fd_sc_hd__clkbuf_16)
                                                         clknet_5_21__leaf_wr_clk (net)
                      0.038998    0.000186    0.437998 ^ _1201_/CLK (sky130_fd_sc_hd__dfrtp_2)
     1    0.003008    0.038599    0.329403    0.767402 ^ _1201_/Q (sky130_fd_sc_hd__dfrtp_2)
                                                         u_wr_reset_sync.sync_ff2 (net)
                      0.038599    0.000012    0.767414 ^ fanout80/A (sky130_fd_sc_hd__clkdlybuf4s25_1)
     7    0.033303    0.336695    0.450678    1.218092 ^ fanout80/X (sky130_fd_sc_hd__clkdlybuf4s25_1)
                                                         net80 (net)
                      0.336695    0.000041    1.218133 ^ fanout79/A (sky130_fd_sc_hd__clkdlybuf4s25_1)
     5    0.020338    0.210715    0.437136    1.655269 ^ fanout79/X (sky130_fd_sc_hd__clkdlybuf4s25_1)
                                                         net79 (net)
                      0.210715    0.000142    1.655411 ^ fanout77/A (sky130_fd_sc_hd__clkdlybuf4s25_1)
     8    0.035024    0.353650    0.512815    2.168226 ^ fanout77/X (sky130_fd_sc_hd__clkdlybuf4s25_1)
                                                         net77 (net)
                      0.353650    0.000344    2.168570 ^ _1214_/RESET_B (sky130_fd_sc_hd__dfrtp_2)
                                              2.168570   data arrival time

                                 10.000000   10.000000   clock wr_clk (rise edge)
                                  0.000000   10.000000   clock source latency
     1    0.018723    0.000000    0.000000   10.000000 ^ wr_clk (in)
                                                         wr_clk (net)
                      0.001049    0.000525   10.000525 ^ clkbuf_0_wr_clk/A (sky130_fd_sc_hd__clkbuf_16)
    16    0.088820    0.105109    0.162823   10.163348 ^ clkbuf_0_wr_clk/X (sky130_fd_sc_hd__clkbuf_16)
                                                         clknet_0_wr_clk (net)
                      0.105109    0.000254   10.163602 ^ clkbuf_4_15_0_wr_clk/A (sky130_fd_sc_hd__clkbuf_8)
     2    0.017792    0.047925    0.150965   10.314568 ^ clkbuf_4_15_0_wr_clk/X (sky130_fd_sc_hd__clkbuf_8)
                                                         clknet_4_15_0_wr_clk (net)
                      0.047925    0.000078   10.314646 ^ clkbuf_5_30__f_wr_clk/A (sky130_fd_sc_hd__clkbuf_16)
     5    0.012006    0.035039    0.118874   10.433519 ^ clkbuf_5_30__f_wr_clk/X (sky130_fd_sc_hd__clkbuf_16)
                                                         clknet_5_30__leaf_wr_clk (net)
                      0.035039    0.000011   10.433530 ^ _1214_/CLK (sky130_fd_sc_hd__dfrtp_2)
                                 -0.200000   10.233530   clock uncertainty
                                  0.000000   10.233530   clock reconvergence pessimism
                                  0.123870   10.357400   library recovery time
                                             10.357400   data required time
---------------------------------------------------------------------------------------------
                                             10.357400   data required time
                                             -2.168570   data arrival time
---------------------------------------------------------------------------------------------
                                              8.188829   slack (MET)


Startpoint: _1239_ (rising edge-triggered flip-flop clocked by rd_clk)
Endpoint: rd_data[2] (output port clocked by rd_clk)
Path Group: rd_clk
Path Type: max

Fanout         Cap        Slew       Delay        Time   Description
---------------------------------------------------------------------------------------------
                                  0.000000    0.000000   clock rd_clk (rise edge)
                                  0.000000    0.000000   clock source latency
     1    0.011733    0.000000    0.000000    0.000000 ^ rd_clk (in)
                                                         rd_clk (net)
                      0.000281    0.000140    0.000140 ^ clkbuf_0_rd_clk/A (sky130_fd_sc_hd__clkbuf_16)
     4    0.035637    0.055921    0.123129    0.123269 ^ clkbuf_0_rd_clk/X (sky130_fd_sc_hd__clkbuf_16)
                                                         clknet_0_rd_clk (net)
                      0.055921    0.000164    0.123433 ^ clkbuf_2_2__f_rd_clk/A (sky130_fd_sc_hd__clkbuf_16)
     8    0.023350    0.044770    0.132669    0.256103 ^ clkbuf_2_2__f_rd_clk/X (sky130_fd_sc_hd__clkbuf_16)
                                                         clknet_2_2__leaf_rd_clk (net)
                      0.044770    0.000078    0.256181 ^ _1239_/CLK (sky130_fd_sc_hd__dfrtp_2)
     3    0.018133    0.102626    0.393748    0.649929 ^ _1239_/Q (sky130_fd_sc_hd__dfrtp_2)
                                                         rd_ptr_bin[0] (net)
                      0.102627    0.000494    0.650423 ^ fanout56/A (sky130_fd_sc_hd__clkdlybuf4s25_1)
     4    0.022177    0.228543    0.396792    1.047215 ^ fanout56/X (sky130_fd_sc_hd__clkdlybuf4s25_1)
                                                         net56 (net)
                      0.228543    0.000115    1.047330 ^ fanout54/A (sky130_fd_sc_hd__clkdlybuf4s25_1)
     5    0.031018    0.314588    0.489675    1.537006 ^ fanout54/X (sky130_fd_sc_hd__clkdlybuf4s25_1)
                                                         net54 (net)
                      0.314588    0.000135    1.537141 ^ load_slew55/A (sky130_fd_sc_hd__buf_4)
     4    0.030604    0.095573    0.225701    1.762842 ^ load_slew55/X (sky130_fd_sc_hd__buf_4)
                                                         net55 (net)
                      0.095577    0.000723    1.763565 ^ _0740_/S0 (sky130_fd_sc_hd__mux4_2)
     1    0.002619    0.078306    0.491648    2.255213 v _0740_/X (sky130_fd_sc_hd__mux4_2)
                                                         _0328_ (net)
                      0.078306    0.000014    2.255227 v _0741_/A1 (sky130_fd_sc_hd__mux2_2)
     1    0.005279    0.055561    0.282547    2.537774 v _0741_/X (sky130_fd_sc_hd__mux2_2)
                                                         _0329_ (net)
                      0.055561    0.000085    2.537858 v _0742_/A1 (sky130_fd_sc_hd__mux2_2)
     1    0.003427    0.049716    0.264435    2.802293 v _0742_/X (sky130_fd_sc_hd__mux2_2)
                                                         _0330_ (net)
                      0.049716    0.000019    2.802312 v _0743_/A (sky130_fd_sc_hd__buf_1)
     1    0.002180    0.024234    0.086131    2.888443 v _0743_/X (sky130_fd_sc_hd__buf_1)
                                                         net27 (net)
                      0.024234    0.000000    2.888443 v output27/A (sky130_fd_sc_hd__clkdlybuf4s25_1)
     1    0.015845    0.126223    0.307838    3.196281 v output27/X (sky130_fd_sc_hd__clkdlybuf4s25_1)
                                                         rd_data[2] (net)
                      0.126223    0.000064    3.196345 v rd_data[2] (out)
                                              3.196345   data arrival time

                                 25.000000   25.000000   clock rd_clk (rise edge)
                                  0.000000   25.000000   clock network delay (propagated)
                                 -0.200000   24.799999   clock uncertainty
                                  0.000000   24.799999   clock reconvergence pessimism
                                 -1.500000   23.299999   output external delay
                                             23.299999   data required time
---------------------------------------------------------------------------------------------
                                             23.299999   data required time
                                             -3.196345   data arrival time
---------------------------------------------------------------------------------------------
                                             20.103655   slack (MET)


Startpoint: wr_en (input port clocked by wr_clk)
Endpoint: _1195_ (rising edge-triggered flip-flop clocked by wr_clk)
Path Group: wr_clk
Path Type: max

Fanout         Cap        Slew       Delay        Time   Description
---------------------------------------------------------------------------------------------
                                  0.000000    0.000000   clock wr_clk (rise edge)
                                  0.000000    0.000000   clock network delay (propagated)
                                  1.500000    1.500000 ^ input external delay
     1    0.003955    0.026329    0.011580    1.511580 ^ wr_en (in)
                                                         wr_en (net)
                      0.026329    0.000000    1.511580 ^ input19/A (sky130_fd_sc_hd__clkdlybuf4s25_1)
     7    0.024748    0.253624    0.387750    1.899330 ^ input19/X (sky130_fd_sc_hd__clkdlybuf4s25_1)
                                                         net19 (net)
                      0.253624    0.000454    1.899784 ^ _0540_/A2 (sky130_fd_sc_hd__a31oi_2)
     4    0.022151    0.166321    0.213114    2.112898 v _0540_/Y (sky130_fd_sc_hd__a31oi_2)
                                                         _0148_ (net)
                      0.166321    0.000054    2.112952 v max_cap46/A (sky130_fd_sc_hd__clkbuf_2)
     4    0.015311    0.066055    0.188208    2.301160 v max_cap46/X (sky130_fd_sc_hd__clkbuf_2)
                                                         net46 (net)
                      0.066055    0.000181    2.301340 v _0588_/C1 (sky130_fd_sc_hd__a311oi_1)
     2    0.008471    0.376140    0.327478    2.628818 ^ _0588_/Y (sky130_fd_sc_hd__a311oi_1)
                                                         _0182_ (net)
                      0.376140    0.000036    2.628855 ^ wire43/A (sky130_fd_sc_hd__clkdlybuf4s25_1)
     1    0.009495    0.109200    0.368405    2.997260 ^ wire43/X (sky130_fd_sc_hd__clkdlybuf4s25_1)
                                                         net43 (net)
                      0.109200    0.000016    2.997276 ^ _0599_/A2 (sky130_fd_sc_hd__a22oi_4)
     2    0.010212    0.102167    0.092414    3.089690 v _0599_/Y (sky130_fd_sc_hd__a22oi_4)
                                                         _0193_ (net)
                      0.102167    0.000062    3.089752 v _0600_/B2 (sky130_fd_sc_hd__o22ai_2)
     3    0.013319    0.210447    0.179100    3.268852 ^ _0600_/Y (sky130_fd_sc_hd__o22ai_2)
                                                         _0194_ (net)
                      0.210447    0.000082    3.268934 ^ _0605_/A (sky130_fd_sc_hd__nand2_2)
     2    0.009131    0.075610    0.092592    3.361526 v _0605_/Y (sky130_fd_sc_hd__nand2_2)
                                                         _0199_ (net)
                      0.075610    0.000031    3.361557 v _0613_/A (sky130_fd_sc_hd__nand2_2)
     1    0.005656    0.051976    0.070545    3.432102 ^ _0613_/Y (sky130_fd_sc_hd__nand2_2)
                                                         _0207_ (net)
                      0.051976    0.000018    3.432121 ^ _0631_/A1_N (sky130_fd_sc_hd__o2bb2ai_2)
     1    0.010211    0.160418    0.126675    3.558796 ^ _0631_/Y (sky130_fd_sc_hd__o2bb2ai_2)
                                                         _0225_ (net)
                      0.160418    0.000074    3.558870 ^ _0640_/A (sky130_fd_sc_hd__nand3_4)
     1    0.002439    0.053507    0.066360    3.625230 v _0640_/Y (sky130_fd_sc_hd__nand3_4)
                                                         _0001_ (net)
                      0.053507    0.000007    3.625237 v _1195_/D (sky130_fd_sc_hd__dfrtp_2)
                                              3.625237   data arrival time

                                 10.000000   10.000000   clock wr_clk (rise edge)
                                  0.000000   10.000000   clock source latency
     1    0.018723    0.000000    0.000000   10.000000 ^ wr_clk (in)
                                                         wr_clk (net)
                      0.001049    0.000525   10.000525 ^ clkbuf_0_wr_clk/A (sky130_fd_sc_hd__clkbuf_16)
    16    0.088820    0.105109    0.162823   10.163348 ^ clkbuf_0_wr_clk/X (sky130_fd_sc_hd__clkbuf_16)
                                                         clknet_0_wr_clk (net)
                      0.105110    0.000588   10.163936 ^ clkbuf_4_10_0_wr_clk/A (sky130_fd_sc_hd__clkbuf_8)
     2    0.017560    0.047565    0.150629   10.314565 ^ clkbuf_4_10_0_wr_clk/X (sky130_fd_sc_hd__clkbuf_8)
                                                         clknet_4_10_0_wr_clk (net)
                      0.047565    0.000075   10.314640 ^ clkbuf_5_21__f_wr_clk/A (sky130_fd_sc_hd__clkbuf_16)
     6    0.016654    0.038990    0.123173   10.437813 ^ clkbuf_5_21__f_wr_clk/X (sky130_fd_sc_hd__clkbuf_16)
                                                         clknet_5_21__leaf_wr_clk (net)
                      0.038998    0.000192   10.438004 ^ _1195_/CLK (sky130_fd_sc_hd__dfrtp_2)
                                 -0.200000   10.238005   clock uncertainty
                                  0.000000   10.238005   clock reconvergence pessimism
                                 -0.120617   10.117387   library setup time
                                             10.117387   data required time
---------------------------------------------------------------------------------------------
                                             10.117387   data required time
                                             -3.625237   data arrival time
---------------------------------------------------------------------------------------------
                                              6.492151   slack (MET)




===========================================================================
report_checks --slack_max -0.01
============================================================================
======================= nom_tt_025C_1v80 Corner ===================================

No paths found.


===========================================================================
 report_check_types -max_slew -max_cap -max_fanout -violators
============================================================================
======================= nom_tt_025C_1v80 Corner ===================================

max fanout

Pin                                   Limit Fanout  Slack
---------------------------------------------------------
clkbuf_0_wr_clk/X                         8     16     -8 (VIOLATED)



===========================================================================
report_parasitic_annotation -report_unannotated
============================================================================
Found 12 unannotated drivers.
 _1200__97/LO
 _1202__98/LO
 clkload0/X
 clkload1/X
 clkload2/X
 clkload3/X
 clkload4/X
 clkload5/X
 clkload6/X
 clkload7/X
 clkload8/X
 clkload9/X
Found 0 partially unannotated drivers.

===========================================================================
max slew violation count 0
Writing metric design__max_slew_violation__count__corner:nom_tt_025C_1v80: 0
max fanout violation count 1
Writing metric design__max_fanout_violation__count__corner:nom_tt_025C_1v80: 1
max cap violation count 0
Writing metric design__max_cap_violation__count__corner:nom_tt_025C_1v80: 0
============================================================================

===========================================================================
check_setup -verbose -unconstrained_endpoints -multiple_clock -no_clock -no_input_delay -loops -generated_clocks
===========================================================================
Warning: There are 2 input ports missing set_input_delay.
  rd_rst_n
  wr_rst_n
