129. Printing statistics.

=== async_fifo ===

        +----------Local Count, excluding submodules.
        |        +-Local Area, excluding submodules.
        |        | 
      476        - wires
      661        - wire bits
       50        - public wires
      235        - public wire bits
       14        - ports
       34        - port bits
      636 4.14E+03 cells
       62        -   $_ANDNOT_
        5        -   $_AND_
      248        -   $_MUX_
        7        -   $_NAND_
        2        -   $_NOR_
       20        -   $_NOT_
        6        -   $_ORNOT_
       36        -   $_OR_
       23        -   $_XNOR_
       45        -   $_XOR_
       52  1366.31   sky130_fd_sc_hd__dfrtp_2
        2    52.55   sky130_fd_sc_hd__dfstp_2
      128 2.72E+03   sky130_fd_sc_hd__dfxtp_2

   Area for cell type $_ANDNOT_ is unknown!
   Area for cell type $_AND_ is unknown!
   Area for cell type $_MUX_ is unknown!
   Area for cell type $_NAND_ is unknown!
   Area for cell type $_NOR_ is unknown!
   Area for cell type $_NOT_ is unknown!
   Area for cell type $_ORNOT_ is unknown!
   Area for cell type $_OR_ is unknown!
   Area for cell type $_XNOR_ is unknown!
   Area for cell type $_XOR_ is unknown!

   Chip area for module '\async_fifo': 4141.472000
     of which used for sequential elements: 4141.472000 (100.00%)
