┏━━━━━━━━━━━━━━━━━━━━━━┳━━━━━━━━━━┳━━━━━━━━━━┳━━━━━━━━━━┳━━━━━━━━━━┳━━━━━━━━━━━┳━━━━━━━━━━┳━━━━━━━━━━━┳━━━━━━━━━━┳━━━━━━━━━━━┳━━━━━━━━━━┳━━━━━━━━━━━┳━━━━━━━━━━┓
┃                      ┃ Hold     ┃ Reg to   ┃          ┃          ┃ of which  ┃ Setup    ┃           ┃          ┃           ┃ of which ┃           ┃          ┃
┃                      ┃ Worst    ┃ Reg      ┃          ┃ Hold Vio ┃ reg to    ┃ Worst    ┃ Reg to    ┃ Setup    ┃ Setup Vio ┃ reg to   ┃ Max Cap   ┃ Max Slew ┃
┃ Corner/Group         ┃ Slack    ┃ Paths    ┃ Hold TNS ┃ Count    ┃ reg       ┃ Slack    ┃ Reg Paths ┃ TNS      ┃ Count     ┃ reg      ┃ Violatio… ┃ Violati… ┃
┡━━━━━━━━━━━━━━━━━━━━━━╇━━━━━━━━━━╇━━━━━━━━━━╇━━━━━━━━━━╇━━━━━━━━━━╇━━━━━━━━━━━╇━━━━━━━━━━╇━━━━━━━━━━━╇━━━━━━━━━━╇━━━━━━━━━━━╇━━━━━━━━━━╇━━━━━━━━━━━╇━━━━━━━━━━┩
│ Overall              │ 0.1237   │ 0.1237   │ 0.0000   │ 0        │ 0         │ 2.9926   │ 2.9926    │ 0.0000   │ 0         │ 0        │ 0         │ 80       │
│ nom_tt_025C_1v80     │ 0.2598   │ 0.2598   │ 0.0000   │ 0        │ 0         │ 6.3445   │ 6.3445    │ 0.0000   │ 0         │ 0        │ 0         │ 0        │
│ nom_ss_100C_1v60     │ 0.6154   │ 0.6154   │ 0.0000   │ 0        │ 0         │ 3.0854   │ 3.0854    │ 0.0000   │ 0         │ 0        │ 0         │ 54       │
│ nom_ff_n40C_1v95     │ 0.1240   │ 0.1240   │ 0.0000   │ 0        │ 0         │ 7.0780   │ 8.6351    │ 0.0000   │ 0         │ 0        │ 0         │ 0        │
│ min_tt_025C_1v80     │ 0.2594   │ 0.2594   │ 0.0000   │ 0        │ 0         │ 6.3892   │ 6.3892    │ 0.0000   │ 0         │ 0        │ 0         │ 0        │
│ min_ss_100C_1v60     │ 0.6046   │ 0.6046   │ 0.0000   │ 0        │ 0         │ 3.1633   │ 3.1633    │ 0.0000   │ 0         │ 0        │ 0         │ 36       │
│ min_ff_n40C_1v95     │ 0.1237   │ 0.1237   │ 0.0000   │ 0        │ 0         │ 7.1075   │ 8.6555    │ 0.0000   │ 0         │ 0        │ 0         │ 0        │
│ max_tt_025C_1v80     │ 0.2604   │ 0.2604   │ 0.0000   │ 0        │ 0         │ 6.2936   │ 6.2936    │ 0.0000   │ 0         │ 0        │ 0         │ 0        │
│ max_ss_100C_1v60     │ 0.6238   │ 0.6238   │ 0.0000   │ 0        │ 0         │ 2.9926   │ 2.9926    │ 0.0000   │ 0         │ 0        │ 0         │ 80       │
│ max_ff_n40C_1v95     │ 0.1245   │ 0.1245   │ 0.0000   │ 0        │ 0         │ 7.0473   │ 8.6156    │ 0.0000   │ 0         │ 0        │ 0         │ 0        │
└──────────────────────┴──────────┴──────────┴──────────┴──────────┴───────────┴──────────┴───────────┴──────────┴───────────┴──────────┴───────────┴──────────┘
